Unity Editor version:    6000.1.7f1 (13a8ffad9172)
Branch:                  6000.1/staging
Build type:              Release
Batch mode:              YES
System name:             Linux
Distro version:          #26~24.04.1-Ubuntu SMP PREEMPT_DYNAMIC Thu Apr 17 19:20:47 UTC 2
Kernel version:          6.11.0-26-generic
Architecture:            x86_64
Available memory:        23980 MB
Date:                    2025-06-23T07:19:26Z
Using pre-set license
Pro License: YES
Selected window backend: (null) 
Desktop is 3600 x 1080 @ 60 Hz
Initialize udev device monitor.

COMMAND LINE ARGUMENTS:
Unity
-adb2
-batchMode
-noUpm
-name
AssetImportWorker0
-projectPath
/mnt/DATA_LINUX/Documents/GitHub/Hype2
-logFile
Logs/AssetImportWorker0.log
-srvPort
40595
-job-worker-count
3
-background-job-worker-count
8
-gc-helper-count
1
Successfully changed project path to: /mnt/DATA_LINUX/Documents/GitHub/Hype2

(Unity:16284): Gtk-CRITICAL **: 09:19:26.371: gtk_label_set_text: assertion 'GTK_IS_LABEL (label)' failed

(Unity:16284): Gtk-CRITICAL **: 09:19:26.371: gtk_label_set_text: assertion 'GTK_IS_LABEL (label)' failed
/mnt/DATA_LINUX/Documents/GitHub/Hype2
[UnityMemory] Configuration Parameters - Can be set up in boot.config
    "memorysetup-allocator-temp-initial-block-size-main=262144"
    "memorysetup-allocator-temp-initial-block-size-worker=262144"
    "memorysetup-bucket-allocator-granularity=16"
    "memorysetup-bucket-allocator-bucket-count=8"
    "memorysetup-bucket-allocator-block-size=33554432"
    "memorysetup-bucket-allocator-block-count=8"
    "memorysetup-main-allocator-block-size=16777216"
    "memorysetup-thread-allocator-block-size=16777216"
    "memorysetup-gfx-main-allocator-block-size=16777216"
    "memorysetup-gfx-thread-allocator-block-size=16777216"
    "memorysetup-cache-allocator-block-size=4194304"
    "memorysetup-typetree-allocator-block-size=2097152"
    "memorysetup-profiler-bucket-allocator-granularity=16"
    "memorysetup-profiler-bucket-allocator-bucket-count=8"
    "memorysetup-profiler-bucket-allocator-block-size=33554432"
    "memorysetup-profiler-bucket-allocator-block-count=8"
    "memorysetup-profiler-allocator-block-size=16777216"
    "memorysetup-profiler-editor-allocator-block-size=1048576"
    "memorysetup-temp-allocator-size-main=16777216"
    "memorysetup-job-temp-allocator-block-size=2097152"
    "memorysetup-job-temp-allocator-block-size-background=1048576"
    "memorysetup-job-temp-allocator-reduction-small-platforms=262144"
    "memorysetup-temp-allocator-size-background-worker=32768"
    "memorysetup-temp-allocator-size-job-worker=262144"
    "memorysetup-temp-allocator-size-preload-manager=33554432"
    "memorysetup-temp-allocator-size-nav-mesh-worker=65536"
    "memorysetup-temp-allocator-size-audio-worker=65536"
    "memorysetup-temp-allocator-size-cloud-worker=32768"
    "memorysetup-temp-allocator-size-gi-baking-worker=262144"
    "memorysetup-temp-allocator-size-gi-baking-worker=262144"
    "memorysetup-temp-allocator-size-gi-baking-worker=262144"
    "memorysetup-temp-allocator-size-gi-baking-worker=262144"
    "memorysetup-temp-allocator-size-gi-baking-worker=262144"
    "memorysetup-temp-allocator-size-gfx=262144"
Player connection [132444624463168]  Target information:

Player connection [132444624463168]  * "[IP] 192.168.1.48 [Port] 0 [Flags] 2 [Guid] 1822168365 [EditorId] 1822168365 [Version] 1048832 [Id] LinuxEditor(16,192.168.1.48) [Debug] 1 [PackageName] LinuxEditor [ProjectName] Editor" 

Player connection [132444624463168]  * "[IP] 172.17.0.1 [Port] 0 [Flags] 2 [Guid] 1822168365 [EditorId] 1822168365 [Version] 1048832 [Id] LinuxEditor(16,192.168.1.48) [Debug] 1 [PackageName] LinuxEditor [ProjectName] Editor" 

Player connection [132444624463168] Host joined multi-casting on [225.0.0.222:54997]...
Player connection [132444624463168] Host joined alternative multi-casting on [225.0.0.222:34997]...
JobSystem: Creating JobQueue using job-worker-count value 3
Input System module state changed to: Initialized.
[Physics::Module] Initialized fallback backend.
[Physics::Module] Id: 0xdecafbad
Library Redirect Path: Library/
[Physics::Module] Selected backend.
[Physics::Module] Name: PhysX
[Physics::Module] Id: 0xf2b8ea05
[Physics::Module] SDK Version: 4.1.2
[Physics::Module] Integration Version: 1.0.0
[Physics::Module] Threading Mode: Multi-Threaded
Refreshing native plugins compatible for Editor in 2,39 ms, found 0 plugins.
Preloading 0 native plugins for Editor in 0,00 ms.
Initialize engine version: 6000.1.7f1 (13a8ffad9172)
[Subsystems] Discovering subsystems at path /mnt/DATA_LINUX/Documents/Unity/6000.1.7f1/Editor/Data/Resources/UnitySubsystems
[Subsystems] Discovering subsystems at path /mnt/DATA_LINUX/Documents/GitHub/Hype2/Assets
kGfxThreadingModeNonThreaded is not supported on OpenGL Core. Reverting to kGfxThreadingModeDirect instead.
GfxDevice: creating device client; kGfxThreadingModeDirect
GLX Extensions: GLX_ARB_context_flush_control GLX_ARB_create_context GLX_ARB_create_context_no_error GLX_ARB_create_context_profile GLX_ARB_create_context_robustness GLX_ARB_fbconfig_float GLX_ARB_framebuffer_sRGB GLX_ARB_get_proc_address GLX_ARB_multisample GLX_EXT_buffer_age GLX_EXT_create_context_es2_profile GLX_EXT_create_context_es_profile GLX_EXT_fbconfig_packed_float GLX_EXT_framebuffer_sRGB GLX_EXT_no_config_context GLX_EXT_swap_control GLX_EXT_swap_control_tear GLX_EXT_texture_from_pixmap GLX_EXT_visual_info GLX_EXT_visual_rating GLX_INTEL_swap_event GLX_MESA_copy_sub_buffer GLX_MESA_gl_interop GLX_MESA_query_renderer GLX_MESA_swap_control GLX_OML_sync_control GLX_SGIS_multisample GLX_SGIX_fbconfig GLX_SGIX_pbuffer GLX_SGIX_visual_select_group GLX_SGI_make_current_read GLX_SGI_swap_control GLX_SGI_video_sync 
Renderer: AMD Radeon R9 200 Series (radeonsi, hawaii, LLVM 19.1.1, DRM 3.61, 6.11.0-26-generic)
Vendor:   AMD
Version:  4.6 (Core Profile) Mesa 24.2.8-1ubuntu1~24.04.1
GLES:     0
 GL_AMD_conservative_depth GL_AMD_depth_clamp_separate GL_AMD_draw_buffers_blend GL_AMD_framebuffer_multisample_advanced GL_AMD_gpu_shader_int64 GL_AMD_multi_draw_indirect GL_AMD_performance_monitor GL_AMD_pinned_memory GL_AMD_query_buffer_object GL_AMD_seamless_cubemap_per_texture GL_AMD_shader_stencil_export GL_AMD_shader_trinary_minmax GL_AMD_texture_texture4 GL_AMD_vertex_shader_layer GL_AMD_vertex_shader_viewport_index GL_ANGLE_texture_compression_dxt3 GL_ANGLE_texture_compression_dxt5 GL_ARB_ES2_compatibility GL_ARB_ES3_1_compatibility GL_ARB_ES3_2_compatibility GL_ARB_ES3_compatibility GL_ARB_arrays_of_arrays GL_ARB_base_instance GL_ARB_bindless_texture GL_ARB_blend_func_extended GL_ARB_buffer_storage GL_ARB_clear_buffer_object GL_ARB_clear_texture GL_ARB_clip_control GL_ARB_color_buffer_float GL_ARB_compressed_texture_pixel_storage GL_ARB_compute_shader GL_ARB_compute_variable_group_size GL_ARB_conditional_render_inverted GL_ARB_conservative_depth GL_ARB_copy_buffer GL_ARB_copy_image GL_ARB_cull_dist
ance GL_ARB_debug_output GL_ARB_depth_buffer_float GL_ARB_depth_clamp GL_ARB_derivative_control GL_ARB_direct_state_access GL_ARB_draw_buffers GL_ARB_draw_buffers_blend GL_ARB_draw_elements_base_vertex GL_ARB_draw_indirect GL_ARB_draw_instanced GL_ARB_enhanced_layouts GL_ARB_explicit_attrib_location GL_ARB_explicit_uniform_location GL_ARB_fragment_coord_conventions GL_ARB_fragment_layer_viewport GL_ARB_fragment_shader GL_ARB_framebuffer_no_attachments GL_ARB_framebuffer_object GL_ARB_framebuffer_sRGB GL_ARB_get_program_binary GL_ARB_get_texture_sub_image GL_ARB_gl_spirv GL_ARB_gpu_shader5 GL_ARB_gpu_shader_fp64 GL_ARB_gpu_shader_int64 GL_ARB_half_float_pixel GL_ARB_half_float_vertex GL_ARB_indirect_parameters GL_ARB_instanced_arrays GL_ARB_internalformat_query GL_ARB_internalformat_query2 GL_ARB_invalidate_subdata GL_ARB_map_buffer_alignment GL_ARB_map_buffer_range GL_ARB_multi_bind GL_ARB_multi_draw_indirect GL_ARB_occlusion_query2 GL_ARB_parallel_shader_compile GL_ARB_pipeline_statistics_query GL_ARB_pixel
_buffer_object GL_ARB_point_sprite GL_ARB_polygon_offset_clamp GL_ARB_program_interface_query GL_ARB_provoking_vertex GL_ARB_query_buffer_object GL_ARB_robust_buffer_access_behavior GL_ARB_robustness GL_ARB_sample_shading GL_ARB_sampler_objects GL_ARB_seamless_cube_map GL_ARB_seamless_cubemap_per_texture GL_ARB_separate_shader_objects GL_ARB_shader_atomic_counter_ops GL_ARB_shader_atomic_counters GL_ARB_shader_ballot GL_ARB_shader_bit_encoding GL_ARB_shader_clock GL_ARB_shader_draw_parameters GL_ARB_shader_group_vote GL_ARB_shader_image_load_store GL_ARB_shader_image_size GL_ARB_shader_objects GL_ARB_shader_precision GL_ARB_shader_stencil_export GL_ARB_shader_storage_buffer_object GL_ARB_shader_subroutine GL_ARB_shader_texture_image_samples GL_ARB_shader_texture_lod GL_ARB_shader_viewport_layer_array GL_ARB_shading_language_420pack GL_ARB_shading_language_include GL_ARB_shading_language_packing GL_ARB_spirv_extensions GL_ARB_stencil_texturing GL_ARB_sync GL_ARB_tessellation_shader GL_ARB_texture_barrier GL_A
RB_texture_border_clamp GL_ARB_texture_buffer_object GL_ARB_texture_buffer_object_rgb32 GL_ARB_texture_buffer_range GL_ARB_texture_compression_bptc GL_ARB_texture_compression_rgtc GL_ARB_texture_cube_map_array GL_ARB_texture_filter_anisotropic GL_ARB_texture_filter_minmax GL_ARB_texture_float GL_ARB_texture_gather GL_ARB_texture_mirror_clamp_to_edge GL_ARB_texture_multisample GL_ARB_texture_non_power_of_two GL_ARB_texture_query_levels GL_ARB_texture_query_lod GL_ARB_texture_rectangle GL_ARB_texture_rg GL_ARB_texture_rgb10_a2ui GL_ARB_texture_stencil8 GL_ARB_texture_storage GL_ARB_texture_storage_multisample GL_ARB_texture_swizzle GL_ARB_texture_view GL_ARB_timer_query GL_ARB_transform_feedback2 GL_ARB_transform_feedback3 GL_ARB_transform_feedback_instanced GL_ARB_transform_feedback_overflow_query GL_ARB_uniform_buffer_object GL_ARB_vertex_array_bgra GL_ARB_vertex_array_object GL_ARB_vertex_attrib_64bit GL_ARB_vertex_attrib_binding GL_ARB_vertex_buffer_object GL_ARB_vertex_shader GL_ARB_vertex_type_10f_11f_11
f_rev GL_ARB_vertex_type_2_10_10_10_rev GL_ARB_viewport_array GL_ATI_blend_equation_separate GL_ATI_meminfo GL_ATI_texture_float GL_ATI_texture_mirror_once GL_EXT_EGL_image_storage GL_EXT_EGL_image_storage_compression GL_EXT_EGL_sync GL_EXT_abgr GL_EXT_blend_equation_separate GL_EXT_debug_label GL_EXT_demote_to_helper_invocation GL_EXT_depth_bounds_test GL_EXT_draw_buffers2 GL_EXT_draw_instanced GL_EXT_framebuffer_blit GL_EXT_framebuffer_multisample GL_EXT_framebuffer_multisample_blit_scaled GL_EXT_framebuffer_object GL_EXT_framebuffer_sRGB GL_EXT_memory_object GL_EXT_memory_object_fd GL_EXT_packed_depth_stencil GL_EXT_packed_float GL_EXT_pixel_buffer_object GL_EXT_polygon_offset_clamp GL_EXT_provoking_vertex GL_EXT_semaphore GL_EXT_semaphore_fd GL_EXT_shader_image_load_formatted GL_EXT_shader_image_load_store GL_EXT_shader_integer_mix GL_EXT_shader_samples_identical GL_EXT_texture_array GL_EXT_texture_compression_dxt1 GL_EXT_texture_compression_rgtc GL_EXT_texture_compression_s3tc GL_EXT_texture_filter_anis
otropic GL_EXT_texture_filter_minmax GL_EXT_texture_integer GL_EXT_texture_mirror_clamp GL_EXT_texture_sRGB GL_EXT_texture_sRGB_R8 GL_EXT_texture_sRGB_decode GL_EXT_texture_shadow_lod GL_EXT_texture_shared_exponent GL_EXT_texture_snorm GL_EXT_texture_storage GL_EXT_texture_swizzle GL_EXT_timer_query GL_EXT_transform_feedback GL_EXT_vertex_array_bgra GL_EXT_vertex_attrib_64bit GL_EXT_window_rectangles GL_IBM_multimode_draw_arrays GL_INTEL_blackhole_render GL_KHR_blend_equation_advanced GL_KHR_context_flush_control GL_KHR_debug GL_KHR_no_error GL_KHR_parallel_shader_compile GL_KHR_robust_buffer_access_behavior GL_KHR_robustness GL_KHR_texture_compression_astc_ldr GL_KHR_texture_compression_astc_sliced_3d GL_MESA_framebuffer_flip_y GL_MESA_pack_invert GL_MESA_shader_integer_functions GL_MESA_texture_const_bandwidth GL_MESA_texture_signed_rgba GL_NVX_gpu_memory_info GL_NV_alpha_to_coverage_dither_control GL_NV_compute_shader_derivatives GL_NV_conditional_render GL_NV_copy_image GL_NV_depth_clamp GL_NV_packed_dep
th_stencil GL_NV_shader_atomic_int64 GL_NV_texture_barrier GL_NV_vdpau_interop GL_OES_EGL_image GL_S3_s3tc
OPENGL LOG: Creating OpenGL 4.6 graphics device ; Context level  <OpenGL 4.5> ; Context handle -1864912384
Initialize mono
Mono path[0] = '/mnt/DATA_LINUX/Documents/Unity/6000.1.7f1/Editor/Data/Managed'
Mono path[1] = '/mnt/DATA_LINUX/Documents/Unity/6000.1.7f1/Editor/Data/MonoBleedingEdge/lib/mono/unityjit-linux'
Mono config path = '/mnt/DATA_LINUX/Documents/Unity/6000.1.7f1/Editor/Data/MonoBleedingEdge/etc'
Using monoOptions --debugger-agent=transport=dt_socket,embedding=1,server=y,suspend=n,address=127.0.0.1:56284
Begin MonoManager ReloadAssembly
Registering precompiled unity dll's ...
Register platform support module: /mnt/DATA_LINUX/Documents/Unity/6000.1.7f1/Editor/Data/PlaybackEngines/MacStandaloneSupport/UnityEditor.OSXStandalone.Extensions.dll
Register platform support module: /mnt/DATA_LINUX/Documents/Unity/6000.1.7f1/Editor/Data/PlaybackEngines/WindowsStandaloneSupport/UnityEditor.WindowsStandalone.Extensions.dll
Register platform support module: /mnt/DATA_LINUX/Documents/Unity/6000.1.7f1/Editor/Data/PlaybackEngines/LinuxStandaloneSupport/UnityEditor.LinuxStandalone.Extensions.dll
Registered in 0,001755 seconds.
- Loaded All Assemblies, in  0,391 seconds
Native extension for LinuxStandalone target not found
Native extension for WindowsStandalone target not found
Native extension for OSXStandalone target not found
Mono: successfully reloaded assembly
- Finished resetting the current domain, in  0,481 seconds
Domain Reload Profiling: 872ms
	BeginReloadAssembly (93ms)
		ExecutionOrderSort (0ms)
		DisableScriptedObjects (0ms)
		BackupInstance (0ms)
		ReleaseScriptingObjects (0ms)
		CreateAndSetChildDomain (1ms)
	RebuildCommonClasses (43ms)
	RebuildNativeTypeToScriptingClass (11ms)
	initialDomainReloadingComplete (60ms)
	LoadAllAssembliesAndSetupDomain (183ms)
		LoadAssemblies (92ms)
		RebuildTransferFunctionScriptingTraits (0ms)
		AnalyzeDomain (180ms)
			TypeCache.Refresh (178ms)
				TypeCache.ScanAssembly (162ms)
			BuildScriptInfoCaches (0ms)
			ResolveRequiredComponents (0ms)
	FinalizeReload (482ms)
		ReleaseScriptCaches (0ms)
		RebuildScriptCaches (0ms)
		SetupLoadedEditorAssemblies (434ms)
			LogAssemblyErrors (0ms)
			InitializePlatformSupportModulesInManaged (93ms)
			SetLoadedEditorAssemblies (6ms)
			BeforeProcessingInitializeOnLoad (93ms)
			ProcessInitializeOnLoadAttributes (170ms)
			ProcessInitializeOnLoadMethodAttributes (71ms)
			AfterProcessingInitializeOnLoad (0ms)
			EditorAssembliesLoaded (0ms)
		ExecutionOrderSort2 (0ms)
		AwakeInstancesAfterBackupRestoration (0ms)
========================================================================
Worker process is ready to serve import requests
Import Worker Mode flag is 0x00
Begin MonoManager ReloadAssembly
Symbol file LoadedFromMemory is not a mono symbol file
- Loaded All Assemblies, in  0,696 seconds
Refreshing native plugins compatible for Editor in 2,99 ms, found 0 plugins.
Native extension for LinuxStandalone target not found
Native extension for WindowsStandalone target not found
Native extension for OSXStandalone target not found
Mono: successfully reloaded assembly
- Finished resetting the current domain, in  0,796 seconds
Domain Reload Profiling: 1490ms
	BeginReloadAssembly (196ms)
		ExecutionOrderSort (0ms)
		DisableScriptedObjects (8ms)
		BackupInstance (0ms)
		ReleaseScriptingObjects (0ms)
		CreateAndSetChildDomain (60ms)
	RebuildCommonClasses (41ms)
	RebuildNativeTypeToScriptingClass (11ms)
	initialDomainReloadingComplete (47ms)
	LoadAllAssembliesAndSetupDomain (398ms)
		LoadAssemblies (310ms)
		RebuildTransferFunctionScriptingTraits (0ms)
		AnalyzeDomain (168ms)
			TypeCache.Refresh (124ms)
				TypeCache.ScanAssembly (104ms)
			BuildScriptInfoCaches (37ms)
			ResolveRequiredComponents (5ms)
	FinalizeReload (796ms)
		ReleaseScriptCaches (0ms)
		RebuildScriptCaches (0ms)
		SetupLoadedEditorAssemblies (657ms)
			LogAssemblyErrors (0ms)
			InitializePlatformSupportModulesInManaged (31ms)
			SetLoadedEditorAssemblies (5ms)
			BeforeProcessingInitializeOnLoad (112ms)
			ProcessInitializeOnLoadAttributes (301ms)
			ProcessInitializeOnLoadMethodAttributes (204ms)
			AfterProcessingInitializeOnLoad (4ms)
			EditorAssembliesLoaded (0ms)
		ExecutionOrderSort2 (0ms)
		AwakeInstancesAfterBackupRestoration (4ms)
AutoLocale: current locale expects 'C' but got 'fr_FR.UTF-8'Launched and connected shader compiler UnityShaderCompiler after 0.01 seconds
Refreshing native plugins compatible for Editor in 2.16 ms, found 0 plugins.
Preloading 0 native plugins for Editor in 0.00 ms.
Unloading 7 Unused Serialized files (Serialized files now loaded: 0)
Unloading 2886 unused Assets / (1.7 MB). Loaded Objects now: 3377.
Memory consumption went from 88.3 MB to 86.6 MB.
Total: 19.333396 ms (FindLiveObjects: 0.509090 ms CreateObjectMapping: 0.322866 ms MarkObjects: 15.807969 ms  DeleteObjects: 2.691724 ms)

========================================================================
Received Import Request.
  Time since last request: 8394.701640 seconds.
  path: Assets/Assets/GoldCoins/goldCoin_Diffuse.jpg
  artifactKey: Guid(c046f5dfafb6d0a49a1b5c20c8d79f33) Importer(815301076,1909f56bfc062723c751e8b465ee728b)
Start importing Assets/Assets/GoldCoins/goldCoin_Diffuse.jpg using Guid(c046f5dfafb6d0a49a1b5c20c8d79f33) Importer(815301076,1909f56bfc062723c751e8b465ee728b) (PreviewImporter) -> (artifact id: '6d0a1c56de0e41b2ced47e3138910c9e') in 0.116289629 seconds
Number of updated asset objects reloaded before import = 0Number of asset objects unloaded after import = 2

========================================================================
Received Import Request.
  Time since last request: 0.000019 seconds.
  path: Assets/Assets/GoldCoins/goldCoins.FBX
  artifactKey: Guid(e8449808043a6114eb825a7cbbf749bf) Importer(815301076,1909f56bfc062723c751e8b465ee728b)
Start importing Assets/Assets/GoldCoins/goldCoins.FBX using Guid(e8449808043a6114eb825a7cbbf749bf) Importer(815301076,1909f56bfc062723c751e8b465ee728b) (PreviewImporter) -> (artifact id: '495ddaed4a7dee1f09b5571550271a79') in 0.097062959 seconds
Number of updated asset objects reloaded before import = 0Number of asset objects unloaded after import = 11

========================================================================
Received Import Request.
  Time since last request: 5.622002 seconds.
  path: Assets/Assets/headSkin.jpg
  artifactKey: Guid(515e292e8c4d12240891aa4cbbd5cb0f) Importer(815301076,1909f56bfc062723c751e8b465ee728b)
Start importing Assets/Assets/headSkin.jpg using Guid(515e292e8c4d12240891aa4cbbd5cb0f) Importer(815301076,1909f56bfc062723c751e8b465ee728b) (PreviewImporter) -> (artifact id: '862bf56b89fd1ba316268a8b4d6a781b') in 0.005486308 seconds
Number of updated asset objects reloaded before import = 0Number of asset objects unloaded after import = 2

========================================================================
Received Import Request.
  Time since last request: 2.209281 seconds.
  path: Assets/Assets/Free_SpeedTrees/Broadleaf_Desktop.spm
  artifactKey: Guid(b6972eaa35c2e574e8ab5083a59d8459) Importer(815301076,1909f56bfc062723c751e8b465ee728b)
Start importing Assets/Assets/Free_SpeedTrees/Broadleaf_Desktop.spm using Guid(b6972eaa35c2e574e8ab5083a59d8459) Importer(815301076,1909f56bfc062723c751e8b465ee728b) (PreviewImporter) -> (artifact id: 'f81ca70fd7a04420b0ce9af61d849da7') in 3.241485006 seconds
Number of updated asset objects reloaded before import = 0Number of asset objects unloaded after import = 61

========================================================================
Received Import Request.
  Time since last request: 0.000048 seconds.
  path: Assets/Assets/Free_SpeedTrees/Cap_01.tga
  artifactKey: Guid(4c736772015edbc45a598838d178886f) Importer(815301076,1909f56bfc062723c751e8b465ee728b)
Start importing Assets/Assets/Free_SpeedTrees/Cap_01.tga using Guid(4c736772015edbc45a598838d178886f) Importer(815301076,1909f56bfc062723c751e8b465ee728b) (PreviewImporter) -> (artifact id: '6f4251121c696512fbf5426e406eed66') in 0.042482379 seconds
Number of updated asset objects reloaded before import = 0Number of asset objects unloaded after import = 2

========================================================================
Received Import Request.
  Time since last request: 0.000041 seconds.
  path: Assets/Assets/Free_SpeedTrees/ClippedFrond_Normal.tga
  artifactKey: Guid(e399812032ced8c4b91235f1231db905) Importer(815301076,1909f56bfc062723c751e8b465ee728b)
Start importing Assets/Assets/Free_SpeedTrees/ClippedFrond_Normal.tga using Guid(e399812032ced8c4b91235f1231db905) Importer(815301076,1909f56bfc062723c751e8b465ee728b) (PreviewImporter) -> (artifact id: '41169f309b8537d25a1ffb3e2e4fde73') in 0.013422775 seconds
Number of updated asset objects reloaded before import = 0Number of asset objects unloaded after import = 2

========================================================================
Received Import Request.
  Time since last request: 0.000075 seconds.
  path: Assets/Assets/Free_SpeedTrees/Conifer_Desktop_Atlas_Specular.tga
  artifactKey: Guid(73268d3bd099d004c84aa15d081305a7) Importer(815301076,1909f56bfc062723c751e8b465ee728b)
Start importing Assets/Assets/Free_SpeedTrees/Conifer_Desktop_Atlas_Specular.tga using Guid(73268d3bd099d004c84aa15d081305a7) Importer(815301076,1909f56bfc062723c751e8b465ee728b) (PreviewImporter) -> (artifact id: 'e155995739a15a1cd80b55a9f14d0e02') in 0.029000096 seconds
Number of updated asset objects reloaded before import = 0Number of asset objects unloaded after import = 2

========================================================================
Received Import Request.
  Time since last request: 0.000047 seconds.
  path: Assets/Assets/Free_SpeedTrees/PalmBark_Detail_Normal.tga
  artifactKey: Guid(0a2326416847b0144b84a9af7474a69f) Importer(815301076,1909f56bfc062723c751e8b465ee728b)
Start importing Assets/Assets/Free_SpeedTrees/PalmBark_Detail_Normal.tga using Guid(0a2326416847b0144b84a9af7474a69f) Importer(815301076,1909f56bfc062723c751e8b465ee728b) (PreviewImporter) -> (artifact id: 'e6a1f0e4030c979ff2297f8b9ab40f03') in 0.02328791 seconds
Number of updated asset objects reloaded before import = 0Number of asset objects unloaded after import = 2

========================================================================
Received Import Request.
  Time since last request: 0.000065 seconds.
  path: Assets/Assets/Free_SpeedTrees/Broadleaf_Mobile_Atlas_Normal.tga
  artifactKey: Guid(cae8ecee60430f64b90c5796b575e166) Importer(815301076,1909f56bfc062723c751e8b465ee728b)
Start importing Assets/Assets/Free_SpeedTrees/Broadleaf_Mobile_Atlas_Normal.tga using Guid(cae8ecee60430f64b90c5796b575e166) Importer(815301076,1909f56bfc062723c751e8b465ee728b) (PreviewImporter) -> (artifact id: '1cfbecb3f7c8362332a0526270ef50c4') in 0.016687109 seconds
Number of updated asset objects reloaded before import = 0Number of asset objects unloaded after import = 2

========================================================================
Received Import Request.
  Time since last request: 0.000029 seconds.
  path: Assets/Assets/Free_SpeedTrees/Broadleaves_Desktop_Normal.tga
  artifactKey: Guid(ca83d5eb2956aee4e9773b061b826d27) Importer(815301076,1909f56bfc062723c751e8b465ee728b)
Start importing Assets/Assets/Free_SpeedTrees/Broadleaves_Desktop_Normal.tga using Guid(ca83d5eb2956aee4e9773b061b826d27) Importer(815301076,1909f56bfc062723c751e8b465ee728b) (PreviewImporter) -> (artifact id: 'b436b62d22730d5a31d8fcb93a4ef899') in 0.028882606 seconds
Number of updated asset objects reloaded before import = 0Number of asset objects unloaded after import = 2

========================================================================
Received Import Request.
  Time since last request: 0.000040 seconds.
  path: Assets/Assets/Free_SpeedTrees/Broadleaves_Mobile_Spec.tga
  artifactKey: Guid(55d21301079feab4f9262aad8851109c) Importer(815301076,1909f56bfc062723c751e8b465ee728b)
Start importing Assets/Assets/Free_SpeedTrees/Broadleaves_Mobile_Spec.tga using Guid(55d21301079feab4f9262aad8851109c) Importer(815301076,1909f56bfc062723c751e8b465ee728b) (PreviewImporter) -> (artifact id: 'cce999e5566d9605fd853a11b681b29b') in 0.091508724 seconds
Number of updated asset objects reloaded before import = 0Number of asset objects unloaded after import = 2

========================================================================
Received Import Request.
  Time since last request: 0.000059 seconds.
  path: Assets/Assets/Free_SpeedTrees/BroadleafBark_Normal.tga
  artifactKey: Guid(1f5ec39442ecd0743b110eccfc24d442) Importer(815301076,1909f56bfc062723c751e8b465ee728b)
Start importing Assets/Assets/Free_SpeedTrees/BroadleafBark_Normal.tga using Guid(1f5ec39442ecd0743b110eccfc24d442) Importer(815301076,1909f56bfc062723c751e8b465ee728b) (PreviewImporter) -> (artifact id: 'bc73913762f7b0057c5e277178735a73') in 0.005546424 seconds
Number of updated asset objects reloaded before import = 0Number of asset objects unloaded after import = 2

========================================================================
Received Import Request.
  Time since last request: 0.000053 seconds.
  path: Assets/Assets/Free_SpeedTrees/PalmFrond_Spec.tga
  artifactKey: Guid(ff5ae99d6014df84a89412c1f0ec079e) Importer(815301076,1909f56bfc062723c751e8b465ee728b)
Start importing Assets/Assets/Free_SpeedTrees/PalmFrond_Spec.tga using Guid(ff5ae99d6014df84a89412c1f0ec079e) Importer(815301076,1909f56bfc062723c751e8b465ee728b) (PreviewImporter) -> (artifact id: '120e352effe54d27db8caf658b21d941') in 0.033796986 seconds
Number of updated asset objects reloaded before import = 0Number of asset objects unloaded after import = 2

========================================================================
Received Import Request.
  Time since last request: 0.000050 seconds.
  path: Assets/Assets/Free_SpeedTrees/Broadleaves_Card_Desktop_Spec.tga
  artifactKey: Guid(f11e0c60fcaddcd4ca3d2de05ae014c1) Importer(815301076,1909f56bfc062723c751e8b465ee728b)
Start importing Assets/Assets/Free_SpeedTrees/Broadleaves_Card_Desktop_Spec.tga using Guid(f11e0c60fcaddcd4ca3d2de05ae014c1) Importer(815301076,1909f56bfc062723c751e8b465ee728b) (PreviewImporter) -> (artifact id: 'f205d8073f8740193b10c60a154ab24f') in 0.035945386 seconds
Number of updated asset objects reloaded before import = 0Number of asset objects unloaded after import = 2

========================================================================
Received Import Request.
  Time since last request: 0.000024 seconds.
  path: Assets/Assets/Free_SpeedTrees/Broadleaf_Mobile_Atlas_Billboards.tga
  artifactKey: Guid(e9d5f83e9143624479658513c3542ddb) Importer(815301076,1909f56bfc062723c751e8b465ee728b)
Start importing Assets/Assets/Free_SpeedTrees/Broadleaf_Mobile_Atlas_Billboards.tga using Guid(e9d5f83e9143624479658513c3542ddb) Importer(815301076,1909f56bfc062723c751e8b465ee728b) (PreviewImporter) -> (artifact id: 'ae129469f1da0abac5a95ef05920d553') in 0.007021942 seconds
Number of updated asset objects reloaded before import = 0Number of asset objects unloaded after import = 2

========================================================================
Received Import Request.
  Time since last request: 0.000101 seconds.
  path: Assets/Assets/Free_SpeedTrees/Conifer_Desktop_Atlas_Billboards.tga
  artifactKey: Guid(b6b6a150997c48847a2e282d7758946e) Importer(815301076,1909f56bfc062723c751e8b465ee728b)
Start importing Assets/Assets/Free_SpeedTrees/Conifer_Desktop_Atlas_Billboards.tga using Guid(b6b6a150997c48847a2e282d7758946e) Importer(815301076,1909f56bfc062723c751e8b465ee728b) (PreviewImporter) -> (artifact id: '9e42278108492add060ec5f53e5189ea') in 0.02814465 seconds
Number of updated asset objects reloaded before import = 0Number of asset objects unloaded after import = 2

========================================================================
Received Import Request.
  Time since last request: 0.000031 seconds.
  path: Assets/Assets/Free_SpeedTrees/ClippedFrond.tga
  artifactKey: Guid(92b189208338b724f828f66e4eb40478) Importer(815301076,1909f56bfc062723c751e8b465ee728b)
Start importing Assets/Assets/Free_SpeedTrees/ClippedFrond.tga using Guid(92b189208338b724f828f66e4eb40478) Importer(815301076,1909f56bfc062723c751e8b465ee728b) (PreviewImporter) -> (artifact id: '1a80d47942b16c9d31a9f368c1b45bc9') in 0.019061699 seconds
Number of updated asset objects reloaded before import = 0Number of asset objects unloaded after import = 2

========================================================================
Received Import Request.
  Time since last request: 0.000080 seconds.
  path: Assets/Assets/Free_SpeedTrees/Broadleaves_Desktop_Spec.tga
  artifactKey: Guid(8aa20d044431d7146a3169d49aac11bf) Importer(815301076,1909f56bfc062723c751e8b465ee728b)
Start importing Assets/Assets/Free_SpeedTrees/Broadleaves_Desktop_Spec.tga using Guid(8aa20d044431d7146a3169d49aac11bf) Importer(815301076,1909f56bfc062723c751e8b465ee728b) (PreviewImporter) -> (artifact id: '42b69ca30e2bb2d5d197b99cd1ed28f0') in 0.030851307 seconds
Number of updated asset objects reloaded before import = 0Number of asset objects unloaded after import = 2

========================================================================
Received Import Request.
  Time since last request: 0.000074 seconds.
  path: Assets/Assets/Free_SpeedTrees/ConiferBark_Normal.tga
  artifactKey: Guid(f37a87d1d87d5994493dcd34c80cd320) Importer(815301076,1909f56bfc062723c751e8b465ee728b)
Start importing Assets/Assets/Free_SpeedTrees/ConiferBark_Normal.tga using Guid(f37a87d1d87d5994493dcd34c80cd320) Importer(815301076,1909f56bfc062723c751e8b465ee728b) (PreviewImporter) -> (artifact id: '4145c846888bcbcbd2b2feb10b366fab') in 0.027804209 seconds
Number of updated asset objects reloaded before import = 0Number of asset objects unloaded after import = 2

========================================================================
Received Import Request.
  Time since last request: 0.000195 seconds.
  path: Assets/Assets/Free_SpeedTrees/PalmBark_Detail.tga
  artifactKey: Guid(8b7a06b5540df73499b1ca9e9a99f815) Importer(815301076,1909f56bfc062723c751e8b465ee728b)
Start importing Assets/Assets/Free_SpeedTrees/PalmBark_Detail.tga using Guid(8b7a06b5540df73499b1ca9e9a99f815) Importer(815301076,1909f56bfc062723c751e8b465ee728b) (PreviewImporter) -> (artifact id: 'df2b3e784f8e880bb12b10261ed97f59') in 0.005897499 seconds
Number of updated asset objects reloaded before import = 0Number of asset objects unloaded after import = 2

========================================================================
Received Import Request.
  Time since last request: 0.000019 seconds.
  path: Assets/Assets/Free_SpeedTrees/Palm_Desktop_Atlas_Billboards.tga
  artifactKey: Guid(084d7ceca59c0ac47928eb2300496432) Importer(815301076,1909f56bfc062723c751e8b465ee728b)
Start importing Assets/Assets/Free_SpeedTrees/Palm_Desktop_Atlas_Billboards.tga using Guid(084d7ceca59c0ac47928eb2300496432) Importer(815301076,1909f56bfc062723c751e8b465ee728b) (PreviewImporter) -> (artifact id: '7c8b9ae404ab194fb3098d3b48fabc2c') in 0.03168009 seconds
Number of updated asset objects reloaded before import = 0Number of asset objects unloaded after import = 2

========================================================================
Received Import Request.
  Time since last request: 0.000047 seconds.
  path: Assets/Assets/Free_SpeedTrees/BroadleafBark.tga
  artifactKey: Guid(8388ef004037cfb4bb078b578e3ed979) Importer(815301076,1909f56bfc062723c751e8b465ee728b)
Start importing Assets/Assets/Free_SpeedTrees/BroadleafBark.tga using Guid(8388ef004037cfb4bb078b578e3ed979) Importer(815301076,1909f56bfc062723c751e8b465ee728b) (PreviewImporter) -> (artifact id: '1dc3f692efa557b291e6afd32ddc403d') in 0.004382148 seconds
Number of updated asset objects reloaded before import = 0Number of asset objects unloaded after import = 2

========================================================================
Received Import Request.
  Time since last request: 0.000041 seconds.
  path: Assets/Assets/Free_SpeedTrees/PalmFrond.tga
  artifactKey: Guid(ded5a4d59b5ef9c4bb5aa8a8d57b5fd2) Importer(815301076,1909f56bfc062723c751e8b465ee728b)
Start importing Assets/Assets/Free_SpeedTrees/PalmFrond.tga using Guid(ded5a4d59b5ef9c4bb5aa8a8d57b5fd2) Importer(815301076,1909f56bfc062723c751e8b465ee728b) (PreviewImporter) -> (artifact id: 'cce0b4c64068a0a3d46230d1df015353') in 0.024993082 seconds
Number of updated asset objects reloaded before import = 0Number of asset objects unloaded after import = 2

========================================================================
Received Import Request.
  Time since last request: 0.000018 seconds.
  path: Assets/Assets/Free_SpeedTrees/Broadleaves_Mobile.tga
  artifactKey: Guid(fda4b0464694cfc4ea753953e2b5c879) Importer(815301076,1909f56bfc062723c751e8b465ee728b)
Start importing Assets/Assets/Free_SpeedTrees/Broadleaves_Mobile.tga using Guid(fda4b0464694cfc4ea753953e2b5c879) Importer(815301076,1909f56bfc062723c751e8b465ee728b) (PreviewImporter) -> (artifact id: '90a58f25dd64aa123a6a0e41b5e33ab8') in 0.07924794 seconds
Number of updated asset objects reloaded before import = 0Number of asset objects unloaded after import = 2

========================================================================
Received Import Request.
  Time since last request: 0.000058 seconds.
  path: Assets/Assets/Free_SpeedTrees/Broadleaves.obj
  artifactKey: Guid(cf3c778055c27074b849beaac044a88b) Importer(815301076,1909f56bfc062723c751e8b465ee728b)
Start importing Assets/Assets/Free_SpeedTrees/Broadleaves.obj using Guid(cf3c778055c27074b849beaac044a88b) Importer(815301076,1909f56bfc062723c751e8b465ee728b) (PreviewImporter) -> (artifact id: '380f88c72cba8186fd8c63bb9aa06b4d') in 0.035886172 seconds
Number of updated asset objects reloaded before import = 0Number of asset objects unloaded after import = 10

========================================================================
Received Import Request.
  Time since last request: 0.000013 seconds.
  path: Assets/Assets/Free_SpeedTrees/Conifer_Needles_Desktop.tga
  artifactKey: Guid(7e67582339870f24596151c8ec9d2bd9) Importer(815301076,1909f56bfc062723c751e8b465ee728b)
Start importing Assets/Assets/Free_SpeedTrees/Conifer_Needles_Desktop.tga using Guid(7e67582339870f24596151c8ec9d2bd9) Importer(815301076,1909f56bfc062723c751e8b465ee728b) (PreviewImporter) -> (artifact id: '456dfd8e2cbbf8117b4ae899be6c81a8') in 0.027007803 seconds
Number of updated asset objects reloaded before import = 0Number of asset objects unloaded after import = 2

========================================================================
Received Import Request.
  Time since last request: 0.000061 seconds.
  path: Assets/Assets/Free_SpeedTrees/PalmBark.tga
  artifactKey: Guid(73cac1ea7f4e8d644a257032a71360a5) Importer(815301076,1909f56bfc062723c751e8b465ee728b)
Start importing Assets/Assets/Free_SpeedTrees/PalmBark.tga using Guid(73cac1ea7f4e8d644a257032a71360a5) Importer(815301076,1909f56bfc062723c751e8b465ee728b) (PreviewImporter) -> (artifact id: 'c5e608052c93668dc64ba0b270e84589') in 0.004310045 seconds
Number of updated asset objects reloaded before import = 0Number of asset objects unloaded after import = 2

========================================================================
Received Import Request.
  Time since last request: 0.000055 seconds.
  path: Assets/Assets/Free_SpeedTrees/ConiferBark.tga
  artifactKey: Guid(29902be09adfaa44d879f4d96eea5d5e) Importer(815301076,1909f56bfc062723c751e8b465ee728b)
Start importing Assets/Assets/Free_SpeedTrees/ConiferBark.tga using Guid(29902be09adfaa44d879f4d96eea5d5e) Importer(815301076,1909f56bfc062723c751e8b465ee728b) (PreviewImporter) -> (artifact id: 'b73006f6199b9e3f72b25fc3c0969977') in 0.025541405 seconds
Number of updated asset objects reloaded before import = 0Number of asset objects unloaded after import = 2

========================================================================
Received Import Request.
  Time since last request: 0.000033 seconds.
  path: Assets/Assets/Free_SpeedTrees/Conifer_Needles_Dekstop_Spec.tga
  artifactKey: Guid(09510e72a92b53449aa8ac24fd74d06f) Importer(815301076,1909f56bfc062723c751e8b465ee728b)
Start importing Assets/Assets/Free_SpeedTrees/Conifer_Needles_Dekstop_Spec.tga using Guid(09510e72a92b53449aa8ac24fd74d06f) Importer(815301076,1909f56bfc062723c751e8b465ee728b) (PreviewImporter) -> (artifact id: '7c5169368f4f6e91daeb36395fe4de82') in 0.023949073 seconds
Number of updated asset objects reloaded before import = 0Number of asset objects unloaded after import = 2

========================================================================
Received Import Request.
  Time since last request: 0.000048 seconds.
  path: Assets/Assets/Free_SpeedTrees/Palm_Desktop_Atlas.tga
  artifactKey: Guid(b15094df28b3a074fb23b0d7e6a30823) Importer(815301076,1909f56bfc062723c751e8b465ee728b)
Start importing Assets/Assets/Free_SpeedTrees/Palm_Desktop_Atlas.tga using Guid(b15094df28b3a074fb23b0d7e6a30823) Importer(815301076,1909f56bfc062723c751e8b465ee728b) (PreviewImporter) -> (artifact id: '59064808e920a4f21a8d0986b9298b97') in 0.00571097 seconds
Number of updated asset objects reloaded before import = 0Number of asset objects unloaded after import = 2

========================================================================
Received Import Request.
  Time since last request: 0.000054 seconds.
  path: Assets/Assets/Free_SpeedTrees/Palm_Desktop_Atlas_Normal.tga
  artifactKey: Guid(accfd802ffccef54295c2df37645a2f2) Importer(815301076,1909f56bfc062723c751e8b465ee728b)
Start importing Assets/Assets/Free_SpeedTrees/Palm_Desktop_Atlas_Normal.tga using Guid(accfd802ffccef54295c2df37645a2f2) Importer(815301076,1909f56bfc062723c751e8b465ee728b) (PreviewImporter) -> (artifact id: '92187c53a9c3ba32e73304652e78d954') in 0.007646405 seconds
Number of updated asset objects reloaded before import = 0Number of asset objects unloaded after import = 2

========================================================================
Received Import Request.
  Time since last request: 0.000332 seconds.
  path: Assets/Assets/Free_SpeedTrees/Cap_02_Normal.tga
  artifactKey: Guid(087603efcf9e15c4fa292a1ba47041f7) Importer(815301076,1909f56bfc062723c751e8b465ee728b)
Start importing Assets/Assets/Free_SpeedTrees/Cap_02_Normal.tga using Guid(087603efcf9e15c4fa292a1ba47041f7) Importer(815301076,1909f56bfc062723c751e8b465ee728b) (PreviewImporter) -> (artifact id: '03a6ad558cf7cec1fa47ce6e208339a3') in 0.015956831 seconds
Number of updated asset objects reloaded before import = 0Number of asset objects unloaded after import = 2

========================================================================
Received Import Request.
  Time since last request: 0.000158 seconds.
  path: Assets/Assets/Free_SpeedTrees/Conifer_Desktop_Atlas.tga
  artifactKey: Guid(6252e35b1ca7f8a41bee8af931e1518a) Importer(815301076,1909f56bfc062723c751e8b465ee728b)
Start importing Assets/Assets/Free_SpeedTrees/Conifer_Desktop_Atlas.tga using Guid(6252e35b1ca7f8a41bee8af931e1518a) Importer(815301076,1909f56bfc062723c751e8b465ee728b) (PreviewImporter) -> (artifact id: '1826bf65e40371352b6cfcaaec950bab') in 0.038600338 seconds
Number of updated asset objects reloaded before import = 0Number of asset objects unloaded after import = 2

========================================================================
Received Import Request.
  Time since last request: 0.000136 seconds.
  path: Assets/Assets/Free_SpeedTrees/Broadleaves_Card_Desktop_Normal.tga
  artifactKey: Guid(ba3df608f71aa66459b42227a3bfe843) Importer(815301076,1909f56bfc062723c751e8b465ee728b)
Start importing Assets/Assets/Free_SpeedTrees/Broadleaves_Card_Desktop_Normal.tga using Guid(ba3df608f71aa66459b42227a3bfe843) Importer(815301076,1909f56bfc062723c751e8b465ee728b) (PreviewImporter) -> (artifact id: 'a81dc64ac4ab0e7a762b272ed1c99b53') in 0.02846795 seconds
Number of updated asset objects reloaded before import = 0Number of asset objects unloaded after import = 2

========================================================================
Received Import Request.
  Time since last request: 0.000036 seconds.
  path: Assets/Assets/Free_SpeedTrees/Broadleaf_Mobile_Atlas_Specular.tga
  artifactKey: Guid(2fae588f60ac4474ea0fb25519d51427) Importer(815301076,1909f56bfc062723c751e8b465ee728b)
Start importing Assets/Assets/Free_SpeedTrees/Broadleaf_Mobile_Atlas_Specular.tga using Guid(2fae588f60ac4474ea0fb25519d51427) Importer(815301076,1909f56bfc062723c751e8b465ee728b) (PreviewImporter) -> (artifact id: '0003d2fc6d21e2f632453a887c1caafc') in 0.129693886 seconds
Number of updated asset objects reloaded before import = 0Number of asset objects unloaded after import = 2

========================================================================
Received Import Request.
  Time since last request: 0.000037 seconds.
  path: Assets/Assets/Free_SpeedTrees/Cap_02.tga
  artifactKey: Guid(1e84037f5ea09ab4591dfa710d05aea0) Importer(815301076,1909f56bfc062723c751e8b465ee728b)
Start importing Assets/Assets/Free_SpeedTrees/Cap_02.tga using Guid(1e84037f5ea09ab4591dfa710d05aea0) Importer(815301076,1909f56bfc062723c751e8b465ee728b) (PreviewImporter) -> (artifact id: '31659c918d2958ab251c7007155c0e3f') in 0.082194013 seconds
Number of updated asset objects reloaded before import = 0Number of asset objects unloaded after import = 2

========================================================================
Received Import Request.
  Time since last request: 0.000044 seconds.
  path: Assets/Assets/Free_SpeedTrees/Palm_Desktop_Atlas_Specular.tga
  artifactKey: Guid(74e4b8a9d329a9d4da4f2280b142d8c2) Importer(815301076,1909f56bfc062723c751e8b465ee728b)
Start importing Assets/Assets/Free_SpeedTrees/Palm_Desktop_Atlas_Specular.tga using Guid(74e4b8a9d329a9d4da4f2280b142d8c2) Importer(815301076,1909f56bfc062723c751e8b465ee728b) (PreviewImporter) -> (artifact id: '3e52453fdfa2a0bd93fae0d019d95dab') in 0.152002653 seconds
Number of updated asset objects reloaded before import = 0Number of asset objects unloaded after import = 2

========================================================================
Received Import Request.
  Time since last request: 0.000045 seconds.
  path: Assets/Assets/Free_SpeedTrees/Conifer_Desktop_Atlas_Billboards_Normal.tga
  artifactKey: Guid(b40ea9e85cab82240b343e59cba9e540) Importer(815301076,1909f56bfc062723c751e8b465ee728b)
Start importing Assets/Assets/Free_SpeedTrees/Conifer_Desktop_Atlas_Billboards_Normal.tga using Guid(b40ea9e85cab82240b343e59cba9e540) Importer(815301076,1909f56bfc062723c751e8b465ee728b) (PreviewImporter) -> (artifact id: '134a2eacb91dd5b0d5cbf25710453252') in 0.070168401 seconds
Number of updated asset objects reloaded before import = 0Number of asset objects unloaded after import = 2

========================================================================
Received Import Request.
  Time since last request: 0.000065 seconds.
  path: Assets/Assets/Free_SpeedTrees/Broadleaves_Card_Desktop.tga
  artifactKey: Guid(e64cf5c9456ef684aaff7b60939f2eaa) Importer(815301076,1909f56bfc062723c751e8b465ee728b)
Start importing Assets/Assets/Free_SpeedTrees/Broadleaves_Card_Desktop.tga using Guid(e64cf5c9456ef684aaff7b60939f2eaa) Importer(815301076,1909f56bfc062723c751e8b465ee728b) (PreviewImporter) -> (artifact id: 'cff420d5b0263eca97d13b827fd9681e') in 0.057304688 seconds
Number of updated asset objects reloaded before import = 0Number of asset objects unloaded after import = 2

========================================================================
Received Import Request.
  Time since last request: 0.000401 seconds.
  path: Assets/Assets/Free_SpeedTrees/PalmBark_Normal.tga
  artifactKey: Guid(848a6ba0b902217489e437776cba0a85) Importer(815301076,1909f56bfc062723c751e8b465ee728b)
Start importing Assets/Assets/Free_SpeedTrees/PalmBark_Normal.tga using Guid(848a6ba0b902217489e437776cba0a85) Importer(815301076,1909f56bfc062723c751e8b465ee728b) (PreviewImporter) -> (artifact id: 'f9f67f0f3440bb896e8aed1b74ddeb9d') in 0.007909941 seconds
Number of updated asset objects reloaded before import = 0Number of asset objects unloaded after import = 2

========================================================================
Received Import Request.
  Time since last request: 0.000019 seconds.
  path: Assets/Assets/Free_SpeedTrees/Broadleaves_Mobile_Normal.tga
  artifactKey: Guid(43fb5de94234b754c904d3a30aa4c2f4) Importer(815301076,1909f56bfc062723c751e8b465ee728b)
Start importing Assets/Assets/Free_SpeedTrees/Broadleaves_Mobile_Normal.tga using Guid(43fb5de94234b754c904d3a30aa4c2f4) Importer(815301076,1909f56bfc062723c751e8b465ee728b) (PreviewImporter) -> (artifact id: '1aea6b52e5f44d76f943f0bfe25d29b2') in 0.054133424 seconds
Number of updated asset objects reloaded before import = 0Number of asset objects unloaded after import = 2

========================================================================
Received Import Request.
  Time since last request: 0.000027 seconds.
  path: Assets/Assets/Free_SpeedTrees/Broadleaves_Desktop.tga
  artifactKey: Guid(ce9dea0a872176a4c894d4bcfb48fd18) Importer(815301076,1909f56bfc062723c751e8b465ee728b)
Start importing Assets/Assets/Free_SpeedTrees/Broadleaves_Desktop.tga using Guid(ce9dea0a872176a4c894d4bcfb48fd18) Importer(815301076,1909f56bfc062723c751e8b465ee728b) (PreviewImporter) -> (artifact id: '2bafba8bf04e0a3a47f632e09ecfd3fc') in 0.05011104 seconds
Number of updated asset objects reloaded before import = 0Number of asset objects unloaded after import = 2

========================================================================
Received Import Request.
  Time since last request: 0.719788 seconds.
  path: Assets/Assets/Golem/GolemPrefab.prefab
  artifactKey: Guid(e7ae57d6a0d40f146b9dd191df3d056e) Importer(815301076,1909f56bfc062723c751e8b465ee728b)
Start importing Assets/Assets/Golem/GolemPrefab.prefab using Guid(e7ae57d6a0d40f146b9dd191df3d056e) Importer(815301076,1909f56bfc062723c751e8b465ee728b) (PreviewImporter) -> (artifact id: 'e36877a1220fd42f1d58036cf183aeaf') in 1.416018103 seconds
Number of updated asset objects reloaded before import = 0Number of asset objects unloaded after import = 63

========================================================================
Received Import Request.
  Time since last request: 5.834044 seconds.
  path: Assets/Animation/blender_character_creation.blend
  artifactKey: Guid(efa63f13ded38476f91ed60f6cdd7992) Importer(815301076,1909f56bfc062723c751e8b465ee728b)
Start importing Assets/Animation/blender_character_creation.blend using Guid(efa63f13ded38476f91ed60f6cdd7992) Importer(815301076,1909f56bfc062723c751e8b465ee728b) (PreviewImporter) -> (artifact id: 'e9c66c5212f5ae6378b151fefda2a1b0') in 0.29707332 seconds
Number of updated asset objects reloaded before import = 0Number of asset objects unloaded after import = 83

========================================================================
Received Import Request.
  Time since last request: 8.465894 seconds.
  path: Assets/Animation/Nature
  artifactKey: Guid(8c62f9b9cc3069d2f80f5d5c0f30df27) Importer(815301076,1909f56bfc062723c751e8b465ee728b)
Start importing Assets/Animation/Nature using Guid(8c62f9b9cc3069d2f80f5d5c0f30df27) Importer(815301076,1909f56bfc062723c751e8b465ee728b) (PreviewImporter) -> (artifact id: '958f6353b6a7da113de708ab45e7ea6f') in 0.000528912 seconds
Number of updated asset objects reloaded before import = 0Number of asset objects unloaded after import = 0

========================================================================
Received Import Request.
  Time since last request: 22.078048 seconds.
  path: Assets/Assets/Helmets/Helmet 3D.prefab
  artifactKey: Guid(e431f7a71e1c50d4e8c83e1135804571) Importer(815301076,1909f56bfc062723c751e8b465ee728b)
Start importing Assets/Assets/Helmets/Helmet 3D.prefab using Guid(e431f7a71e1c50d4e8c83e1135804571) Importer(815301076,1909f56bfc062723c751e8b465ee728b) (PreviewImporter) -> (artifact id: 'b7f59d5fdfecb41f4b4dfe145ee45bb1') in 0.432452072 seconds
Number of updated asset objects reloaded before import = 0Number of asset objects unloaded after import = 13

========================================================================
Received Import Request.
  Time since last request: 0.000034 seconds.
  path: Assets/Assets/Helmets/Helmets_normal.tga
  artifactKey: Guid(84059d9cc3e760040bac1e91d696b52e) Importer(815301076,1909f56bfc062723c751e8b465ee728b)
Start importing Assets/Assets/Helmets/Helmets_normal.tga using Guid(84059d9cc3e760040bac1e91d696b52e) Importer(815301076,1909f56bfc062723c751e8b465ee728b) (PreviewImporter) -> (artifact id: 'b60b73308f22cd86d8c5990868a485c4') in 0.01022937 seconds
Number of updated asset objects reloaded before import = 0Number of asset objects unloaded after import = 2

========================================================================
Received Import Request.
  Time since last request: 0.000209 seconds.
  path: Assets/Assets/Helmets/Helmets.tga
  artifactKey: Guid(ec1dddcc62fcbfa498ffd153da33e413) Importer(815301076,1909f56bfc062723c751e8b465ee728b)
Start importing Assets/Assets/Helmets/Helmets.tga using Guid(ec1dddcc62fcbfa498ffd153da33e413) Importer(815301076,1909f56bfc062723c751e8b465ee728b) (PreviewImporter) -> (artifact id: '873b552f900f178717cafdf711086c03') in 0.005604569 seconds
Number of updated asset objects reloaded before import = 0Number of asset objects unloaded after import = 2

========================================================================
Received Import Request.
  Time since last request: 0.000035 seconds.
  path: Assets/Assets/Helmets/Helmets_SPEC.jpg
  artifactKey: Guid(6f04bb013108b134a95cf70fb8748bc4) Importer(815301076,1909f56bfc062723c751e8b465ee728b)
Start importing Assets/Assets/Helmets/Helmets_SPEC.jpg using Guid(6f04bb013108b134a95cf70fb8748bc4) Importer(815301076,1909f56bfc062723c751e8b465ee728b) (PreviewImporter) -> (artifact id: '4a7d634b27a64690c4797fd2b7c805ac') in 0.004695822 seconds
Number of updated asset objects reloaded before import = 0Number of asset objects unloaded after import = 2

========================================================================
Received Import Request.
  Time since last request: 3.105668 seconds.
  path: Assets/Assets/Grass 1/Bush.mat
  artifactKey: Guid(976005538f4ca3b49873050b5d18532c) Importer(815301076,1909f56bfc062723c751e8b465ee728b)
Start importing Assets/Assets/Grass 1/Bush.mat using Guid(976005538f4ca3b49873050b5d18532c) Importer(815301076,1909f56bfc062723c751e8b465ee728b) (PreviewImporter) -> (artifact id: '957641ebbe0f00ccc677b897c676673b') in 0.31194202 seconds
Number of updated asset objects reloaded before import = 0Number of asset objects unloaded after import = 3

========================================================================
Received Import Request.
  Time since last request: 0.000037 seconds.
  path: Assets/Assets/Grass 1/GrassFrond01AlbedoAlpha 1.psd
  artifactKey: Guid(7b574b86054a1cc41b37e567b4ba3754) Importer(815301076,1909f56bfc062723c751e8b465ee728b)
Start importing Assets/Assets/Grass 1/GrassFrond01AlbedoAlpha 1.psd using Guid(7b574b86054a1cc41b37e567b4ba3754) Importer(815301076,1909f56bfc062723c751e8b465ee728b) (PreviewImporter) -> (artifact id: 'a204fa9f4bd192f8e0be0cc8c243589c') in 0.00620187 seconds
Number of updated asset objects reloaded before import = 0Number of asset objects unloaded after import = 2

========================================================================
Received Import Request.
  Time since last request: 0.000051 seconds.
  path: Assets/Assets/Grass 1/GrassFrond01Normalmap.tif
  artifactKey: Guid(8ef0997c92d26cd4287885cbd899df80) Importer(815301076,1909f56bfc062723c751e8b465ee728b)
Start importing Assets/Assets/Grass 1/GrassFrond01Normalmap.tif using Guid(8ef0997c92d26cd4287885cbd899df80) Importer(815301076,1909f56bfc062723c751e8b465ee728b) (PreviewImporter) -> (artifact id: '7a05528a2161e96c28fdead1c71e0aa1') in 0.003960349 seconds
Number of updated asset objects reloaded before import = 0Number of asset objects unloaded after import = 2

========================================================================
Received Import Request.
  Time since last request: 14.873530 seconds.
  path: Assets/Assets/Potion Bottle/bottle_health.jpg
  artifactKey: Guid(87e1841ef687ac74e8fefd93fb0014d8) Importer(815301076,1909f56bfc062723c751e8b465ee728b)
Start importing Assets/Assets/Potion Bottle/bottle_health.jpg using Guid(87e1841ef687ac74e8fefd93fb0014d8) Importer(815301076,1909f56bfc062723c751e8b465ee728b) (PreviewImporter) -> (artifact id: '6a995ac691a481fb28b024ba65fe68b7') in 0.008086478 seconds
Number of updated asset objects reloaded before import = 0Number of asset objects unloaded after import = 2

========================================================================
Received Import Request.
  Time since last request: 0.009943 seconds.
  path: Assets/Assets/Potion Bottle/bottle_mana.jpg
  artifactKey: Guid(ab7f2280e06c17c4e89910d64558a8b9) Importer(815301076,1909f56bfc062723c751e8b465ee728b)
Start importing Assets/Assets/Potion Bottle/bottle_mana.jpg using Guid(ab7f2280e06c17c4e89910d64558a8b9) Importer(815301076,1909f56bfc062723c751e8b465ee728b) (PreviewImporter) -> (artifact id: '596cb1888c0b6e6abe1bfb3e79c2b5e5') in 0.003866232 seconds
Number of updated asset objects reloaded before import = 0Number of asset objects unloaded after import = 2

========================================================================
Received Import Request.
  Time since last request: 0.030664 seconds.
  path: Assets/Assets/Potion Bottle/Potion_bottle.obj
  artifactKey: Guid(e3a9bce35e81098448342c08dc68795d) Importer(815301076,1909f56bfc062723c751e8b465ee728b)
Start importing Assets/Assets/Potion Bottle/Potion_bottle.obj using Guid(e3a9bce35e81098448342c08dc68795d) Importer(815301076,1909f56bfc062723c751e8b465ee728b) (PreviewImporter) -> (artifact id: 'e4f9f03b45483c66b8bf234e0ebcec2b') in 0.026525521 seconds
Number of updated asset objects reloaded before import = 0Number of asset objects unloaded after import = 10

========================================================================
Received Import Request.
  Time since last request: 2.183368 seconds.
  path: Assets/Assets/SpartanKing/Ccloth.psd
  artifactKey: Guid(974c13fb9d115f1498ad30645d67c52a) Importer(815301076,1909f56bfc062723c751e8b465ee728b)
Start importing Assets/Assets/SpartanKing/Ccloth.psd using Guid(974c13fb9d115f1498ad30645d67c52a) Importer(815301076,1909f56bfc062723c751e8b465ee728b) (PreviewImporter) -> (artifact id: 'd0913e92d8f1a5a686db8564a112b5d1') in 0.008981772 seconds
Number of updated asset objects reloaded before import = 0Number of asset objects unloaded after import = 2

========================================================================
Received Import Request.
  Time since last request: 0.007254 seconds.
  path: Assets/Assets/SpartanKing/Cnormal.psd
  artifactKey: Guid(1175326977097d14287b75cac1dbcc33) Importer(815301076,1909f56bfc062723c751e8b465ee728b)
Start importing Assets/Assets/SpartanKing/Cnormal.psd using Guid(1175326977097d14287b75cac1dbcc33) Importer(815301076,1909f56bfc062723c751e8b465ee728b) (PreviewImporter) -> (artifact id: '92bccffce64eee32c3679e5fc19d3be5') in 0.016850039 seconds
Number of updated asset objects reloaded before import = 0Number of asset objects unloaded after import = 2

========================================================================
Received Import Request.
  Time since last request: 0.012365 seconds.
  path: Assets/Assets/SpartanKing/Csword.psd
  artifactKey: Guid(5017bb6e8b1de644f8645954b9a6860d) Importer(815301076,1909f56bfc062723c751e8b465ee728b)
Start importing Assets/Assets/SpartanKing/Csword.psd using Guid(5017bb6e8b1de644f8645954b9a6860d) Importer(815301076,1909f56bfc062723c751e8b465ee728b) (PreviewImporter) -> (artifact id: '58411f62aeceb6262981d329fe0c7c07') in 0.011563203 seconds
Number of updated asset objects reloaded before import = 0Number of asset objects unloaded after import = 2

========================================================================
Received Import Request.
  Time since last request: 12.010964 seconds.
  path: Assets/Assets
  artifactKey: Guid(30d731151fec11e4c9c0687669cd9773) Importer(815301076,1909f56bfc062723c751e8b465ee728b)
Start importing Assets/Assets using Guid(30d731151fec11e4c9c0687669cd9773) Importer(815301076,1909f56bfc062723c751e8b465ee728b) (PreviewImporter) -> (artifact id: '38038f6c7f158ef3d233ef8af5abafb8') in 0.000414316 seconds
Number of updated asset objects reloaded before import = 0Number of asset objects unloaded after import = 0

========================================================================
Received Import Request.
  Time since last request: 10.151758 seconds.
  path: Assets/Assets/Nature/Grass
  artifactKey: Guid(d0a72feb228c6865797532f43cca9763) Importer(815301076,1909f56bfc062723c751e8b465ee728b)
Start importing Assets/Assets/Nature/Grass using Guid(d0a72feb228c6865797532f43cca9763) Importer(815301076,1909f56bfc062723c751e8b465ee728b) (PreviewImporter) -> (artifact id: '41ad0a5981b8e6a4324ca1605ec1d0c5') in 0.000536409 seconds
Number of updated asset objects reloaded before import = 0Number of asset objects unloaded after import = 0

========================================================================
Received Import Request.
  Time since last request: 130.805774 seconds.
  path: Assets/Assets/Nature/Grass/grass.fbx
  artifactKey: Guid(d37d1658922b593d0a1b42d2bcd9dd8e) Importer(815301076,1909f56bfc062723c751e8b465ee728b)
Start importing Assets/Assets/Nature/Grass/grass.fbx using Guid(d37d1658922b593d0a1b42d2bcd9dd8e) Importer(815301076,1909f56bfc062723c751e8b465ee728b) (PreviewImporter) -> (artifact id: '0e1f6a40dc5a14ff03dfc24c5c7b0fd7') in 0.015739514 seconds
Number of updated asset objects reloaded before import = 0Number of asset objects unloaded after import = 14

========================================================================
Received Import Request.
  Time since last request: 167.211545 seconds.
  path: Assets/Assets/Nature/Grass/grass.fbx
  artifactKey: Guid(d37d1658922b593d0a1b42d2bcd9dd8e) Importer(815301076,1909f56bfc062723c751e8b465ee728b)
Start importing Assets/Assets/Nature/Grass/grass.fbx using Guid(d37d1658922b593d0a1b42d2bcd9dd8e) Importer(815301076,1909f56bfc062723c751e8b465ee728b) (PreviewImporter) -> (artifact id: '048b06f57142a504baa155efa2b07410') in 0.006817074 seconds
Number of updated asset objects reloaded before import = 0Number of asset objects unloaded after import = 7

========================================================================
Received Import Request.
  Time since last request: 337.809704 seconds.
  path: Assets/Animation/Materials/Material.mat
  artifactKey: Guid(b67f30a677d1d4dac97de95dadf25b54) Importer(815301076,1909f56bfc062723c751e8b465ee728b)
Start importing Assets/Animation/Materials/Material.mat using Guid(b67f30a677d1d4dac97de95dadf25b54) Importer(815301076,1909f56bfc062723c751e8b465ee728b) (PreviewImporter) -> (artifact id: '0118759aa2998407996bb6984d9b6ad6') in 0.010535739 seconds
Number of updated asset objects reloaded before import = 0Number of asset objects unloaded after import = 1

========================================================================
Received Import Request.
  Time since last request: 0.000061 seconds.
  path: Assets/Animation/Materials/Material.002.mat
  artifactKey: Guid(0fcfbef270b16df47a329c6ef2a65859) Importer(815301076,1909f56bfc062723c751e8b465ee728b)
Start importing Assets/Animation/Materials/Material.002.mat using Guid(0fcfbef270b16df47a329c6ef2a65859) Importer(815301076,1909f56bfc062723c751e8b465ee728b) (PreviewImporter) -> (artifact id: '4a8ddbbc14730629e48eb493b2e1d433') in 0.005596709 seconds
Number of updated asset objects reloaded before import = 0Number of asset objects unloaded after import = 1

========================================================================
Received Import Request.
  Time since last request: 0.008696 seconds.
  path: Assets/Animation/Materials/Material_001.mat
  artifactKey: Guid(ffcdca56444634231b9616188b9c75d9) Importer(815301076,1909f56bfc062723c751e8b465ee728b)
Start importing Assets/Animation/Materials/Material_001.mat using Guid(ffcdca56444634231b9616188b9c75d9) Importer(815301076,1909f56bfc062723c751e8b465ee728b) (PreviewImporter) -> (artifact id: '252f11351856a09cdaf207f0106aa2b3') in 0.00500425 seconds
Number of updated asset objects reloaded before import = 0Number of asset objects unloaded after import = 1

