Unity Editor version:    6000.1.7f1 (13a8ffad9172)
Branch:                  6000.1/staging
Build type:              Release
Batch mode:              YES
System name:             Linux
Distro version:          #26~24.04.1-Ubuntu SMP PREEMPT_DYNAMIC Thu Apr 17 19:20:47 UTC 2
Kernel version:          6.11.0-26-generic
Architecture:            x86_64
Available memory:        23980 MB
Date:                    2025-06-23T07:19:26Z
Using pre-set license
Pro License: YES
Selected window backend: (null) 
Desktop is 3600 x 1080 @ 60 Hz
Initialize udev device monitor.

COMMAND LINE ARGUMENTS:
Unity
-adb2
-batchMode
-noUpm
-name
AssetImportWorker1
-projectPath
/mnt/DATA_LINUX/Documents/GitHub/Hype2
-logFile
Logs/AssetImportWorker1.log
-srvPort
40595
-job-worker-count
3
-background-job-worker-count
8
-gc-helper-count
1
Successfully changed project path to: /mnt/DATA_LINUX/Documents/GitHub/Hype2

(Unity:16286): Gtk-CRITICAL **: 09:19:26.402: gtk_label_set_text: assertion 'GTK_IS_LABEL (label)' failed

(Unity:16286): Gtk-CRITICAL **: 09:19:26.402: gtk_label_set_text: assertion 'GTK_IS_LABEL (label)' failed
/mnt/DATA_LINUX/Documents/GitHub/Hype2
[UnityMemory] Configuration Parameters - Can be set up in boot.config
    "memorysetup-allocator-temp-initial-block-size-main=262144"
    "memorysetup-allocator-temp-initial-block-size-worker=262144"
    "memorysetup-bucket-allocator-granularity=16"
    "memorysetup-bucket-allocator-bucket-count=8"
    "memorysetup-bucket-allocator-block-size=33554432"
    "memorysetup-bucket-allocator-block-count=8"
    "memorysetup-main-allocator-block-size=16777216"
    "memorysetup-thread-allocator-block-size=16777216"
    "memorysetup-gfx-main-allocator-block-size=16777216"
    "memorysetup-gfx-thread-allocator-block-size=16777216"
    "memorysetup-cache-allocator-block-size=4194304"
    "memorysetup-typetree-allocator-block-size=2097152"
    "memorysetup-profiler-bucket-allocator-granularity=16"
    "memorysetup-profiler-bucket-allocator-bucket-count=8"
    "memorysetup-profiler-bucket-allocator-block-size=33554432"
    "memorysetup-profiler-bucket-allocator-block-count=8"
    "memorysetup-profiler-allocator-block-size=16777216"
    "memorysetup-profiler-editor-allocator-block-size=1048576"
    "memorysetup-temp-allocator-size-main=16777216"
    "memorysetup-job-temp-allocator-block-size=2097152"
    "memorysetup-job-temp-allocator-block-size-background=1048576"
    "memorysetup-job-temp-allocator-reduction-small-platforms=262144"
    "memorysetup-temp-allocator-size-background-worker=32768"
    "memorysetup-temp-allocator-size-job-worker=262144"
    "memorysetup-temp-allocator-size-preload-manager=33554432"
    "memorysetup-temp-allocator-size-nav-mesh-worker=65536"
    "memorysetup-temp-allocator-size-audio-worker=65536"
    "memorysetup-temp-allocator-size-cloud-worker=32768"
    "memorysetup-temp-allocator-size-gi-baking-worker=262144"
    "memorysetup-temp-allocator-size-gi-baking-worker=262144"
    "memorysetup-temp-allocator-size-gi-baking-worker=262144"
    "memorysetup-temp-allocator-size-gi-baking-worker=262144"
    "memorysetup-temp-allocator-size-gi-baking-worker=262144"
    "memorysetup-temp-allocator-size-gfx=262144"
Player connection [124337899902272]  Target information:

Player connection [124337899902272]  * "[IP] 192.168.1.48 [Port] 0 [Flags] 2 [Guid] 1115271415 [EditorId] 1115271415 [Version] 1048832 [Id] LinuxEditor(16,192.168.1.48) [Debug] 1 [PackageName] LinuxEditor [ProjectName] Editor" 

Player connection [124337899902272]  * "[IP] 172.17.0.1 [Port] 0 [Flags] 2 [Guid] 1115271415 [EditorId] 1115271415 [Version] 1048832 [Id] LinuxEditor(16,192.168.1.48) [Debug] 1 [PackageName] LinuxEditor [ProjectName] Editor" 

Player connection [124337899902272] Host joined multi-casting on [225.0.0.222:54997]...
Player connection [124337899902272] Host joined alternative multi-casting on [225.0.0.222:34997]...
JobSystem: Creating JobQueue using job-worker-count value 3
Input System module state changed to: Initialized.
[Physics::Module] Initialized fallback backend.
[Physics::Module] Id: 0xdecafbad
Library Redirect Path: Library/
[Physics::Module] Selected backend.
[Physics::Module] Name: PhysX
[Physics::Module] Id: 0xf2b8ea05
[Physics::Module] SDK Version: 4.1.2
[Physics::Module] Integration Version: 1.0.0
[Physics::Module] Threading Mode: Multi-Threaded
Refreshing native plugins compatible for Editor in 2,27 ms, found 0 plugins.
Preloading 0 native plugins for Editor in 0,00 ms.
Initialize engine version: 6000.1.7f1 (13a8ffad9172)
[Subsystems] Discovering subsystems at path /mnt/DATA_LINUX/Documents/Unity/6000.1.7f1/Editor/Data/Resources/UnitySubsystems
[Subsystems] Discovering subsystems at path /mnt/DATA_LINUX/Documents/GitHub/Hype2/Assets
kGfxThreadingModeNonThreaded is not supported on OpenGL Core. Reverting to kGfxThreadingModeDirect instead.
GfxDevice: creating device client; kGfxThreadingModeDirect
GLX Extensions: GLX_ARB_context_flush_control GLX_ARB_create_context GLX_ARB_create_context_no_error GLX_ARB_create_context_profile GLX_ARB_create_context_robustness GLX_ARB_fbconfig_float GLX_ARB_framebuffer_sRGB GLX_ARB_get_proc_address GLX_ARB_multisample GLX_EXT_buffer_age GLX_EXT_create_context_es2_profile GLX_EXT_create_context_es_profile GLX_EXT_fbconfig_packed_float GLX_EXT_framebuffer_sRGB GLX_EXT_no_config_context GLX_EXT_swap_control GLX_EXT_swap_control_tear GLX_EXT_texture_from_pixmap GLX_EXT_visual_info GLX_EXT_visual_rating GLX_INTEL_swap_event GLX_MESA_copy_sub_buffer GLX_MESA_gl_interop GLX_MESA_query_renderer GLX_MESA_swap_control GLX_OML_sync_control GLX_SGIS_multisample GLX_SGIX_fbconfig GLX_SGIX_pbuffer GLX_SGIX_visual_select_group GLX_SGI_make_current_read GLX_SGI_swap_control GLX_SGI_video_sync 
Renderer: AMD Radeon R9 200 Series (radeonsi, hawaii, LLVM 19.1.1, DRM 3.61, 6.11.0-26-generic)
Vendor:   AMD
Version:  4.6 (Core Profile) Mesa 24.2.8-1ubuntu1~24.04.1
GLES:     0
 GL_AMD_conservative_depth GL_AMD_depth_clamp_separate GL_AMD_draw_buffers_blend GL_AMD_framebuffer_multisample_advanced GL_AMD_gpu_shader_int64 GL_AMD_multi_draw_indirect GL_AMD_performance_monitor GL_AMD_pinned_memory GL_AMD_query_buffer_object GL_AMD_seamless_cubemap_per_texture GL_AMD_shader_stencil_export GL_AMD_shader_trinary_minmax GL_AMD_texture_texture4 GL_AMD_vertex_shader_layer GL_AMD_vertex_shader_viewport_index GL_ANGLE_texture_compression_dxt3 GL_ANGLE_texture_compression_dxt5 GL_ARB_ES2_compatibility GL_ARB_ES3_1_compatibility GL_ARB_ES3_2_compatibility GL_ARB_ES3_compatibility GL_ARB_arrays_of_arrays GL_ARB_base_instance GL_ARB_bindless_texture GL_ARB_blend_func_extended GL_ARB_buffer_storage GL_ARB_clear_buffer_object GL_ARB_clear_texture GL_ARB_clip_control GL_ARB_color_buffer_float GL_ARB_compressed_texture_pixel_storage GL_ARB_compute_shader GL_ARB_compute_variable_group_size GL_ARB_conditional_render_inverted GL_ARB_conservative_depth GL_ARB_copy_buffer GL_ARB_copy_image GL_ARB_cull_dist
ance GL_ARB_debug_output GL_ARB_depth_buffer_float GL_ARB_depth_clamp GL_ARB_derivative_control GL_ARB_direct_state_access GL_ARB_draw_buffers GL_ARB_draw_buffers_blend GL_ARB_draw_elements_base_vertex GL_ARB_draw_indirect GL_ARB_draw_instanced GL_ARB_enhanced_layouts GL_ARB_explicit_attrib_location GL_ARB_explicit_uniform_location GL_ARB_fragment_coord_conventions GL_ARB_fragment_layer_viewport GL_ARB_fragment_shader GL_ARB_framebuffer_no_attachments GL_ARB_framebuffer_object GL_ARB_framebuffer_sRGB GL_ARB_get_program_binary GL_ARB_get_texture_sub_image GL_ARB_gl_spirv GL_ARB_gpu_shader5 GL_ARB_gpu_shader_fp64 GL_ARB_gpu_shader_int64 GL_ARB_half_float_pixel GL_ARB_half_float_vertex GL_ARB_indirect_parameters GL_ARB_instanced_arrays GL_ARB_internalformat_query GL_ARB_internalformat_query2 GL_ARB_invalidate_subdata GL_ARB_map_buffer_alignment GL_ARB_map_buffer_range GL_ARB_multi_bind GL_ARB_multi_draw_indirect GL_ARB_occlusion_query2 GL_ARB_parallel_shader_compile GL_ARB_pipeline_statistics_query GL_ARB_pixel
_buffer_object GL_ARB_point_sprite GL_ARB_polygon_offset_clamp GL_ARB_program_interface_query GL_ARB_provoking_vertex GL_ARB_query_buffer_object GL_ARB_robust_buffer_access_behavior GL_ARB_robustness GL_ARB_sample_shading GL_ARB_sampler_objects GL_ARB_seamless_cube_map GL_ARB_seamless_cubemap_per_texture GL_ARB_separate_shader_objects GL_ARB_shader_atomic_counter_ops GL_ARB_shader_atomic_counters GL_ARB_shader_ballot GL_ARB_shader_bit_encoding GL_ARB_shader_clock GL_ARB_shader_draw_parameters GL_ARB_shader_group_vote GL_ARB_shader_image_load_store GL_ARB_shader_image_size GL_ARB_shader_objects GL_ARB_shader_precision GL_ARB_shader_stencil_export GL_ARB_shader_storage_buffer_object GL_ARB_shader_subroutine GL_ARB_shader_texture_image_samples GL_ARB_shader_texture_lod GL_ARB_shader_viewport_layer_array GL_ARB_shading_language_420pack GL_ARB_shading_language_include GL_ARB_shading_language_packing GL_ARB_spirv_extensions GL_ARB_stencil_texturing GL_ARB_sync GL_ARB_tessellation_shader GL_ARB_texture_barrier GL_A
RB_texture_border_clamp GL_ARB_texture_buffer_object GL_ARB_texture_buffer_object_rgb32 GL_ARB_texture_buffer_range GL_ARB_texture_compression_bptc GL_ARB_texture_compression_rgtc GL_ARB_texture_cube_map_array GL_ARB_texture_filter_anisotropic GL_ARB_texture_filter_minmax GL_ARB_texture_float GL_ARB_texture_gather GL_ARB_texture_mirror_clamp_to_edge GL_ARB_texture_multisample GL_ARB_texture_non_power_of_two GL_ARB_texture_query_levels GL_ARB_texture_query_lod GL_ARB_texture_rectangle GL_ARB_texture_rg GL_ARB_texture_rgb10_a2ui GL_ARB_texture_stencil8 GL_ARB_texture_storage GL_ARB_texture_storage_multisample GL_ARB_texture_swizzle GL_ARB_texture_view GL_ARB_timer_query GL_ARB_transform_feedback2 GL_ARB_transform_feedback3 GL_ARB_transform_feedback_instanced GL_ARB_transform_feedback_overflow_query GL_ARB_uniform_buffer_object GL_ARB_vertex_array_bgra GL_ARB_vertex_array_object GL_ARB_vertex_attrib_64bit GL_ARB_vertex_attrib_binding GL_ARB_vertex_buffer_object GL_ARB_vertex_shader GL_ARB_vertex_type_10f_11f_11
f_rev GL_ARB_vertex_type_2_10_10_10_rev GL_ARB_viewport_array GL_ATI_blend_equation_separate GL_ATI_meminfo GL_ATI_texture_float GL_ATI_texture_mirror_once GL_EXT_EGL_image_storage GL_EXT_EGL_image_storage_compression GL_EXT_EGL_sync GL_EXT_abgr GL_EXT_blend_equation_separate GL_EXT_debug_label GL_EXT_demote_to_helper_invocation GL_EXT_depth_bounds_test GL_EXT_draw_buffers2 GL_EXT_draw_instanced GL_EXT_framebuffer_blit GL_EXT_framebuffer_multisample GL_EXT_framebuffer_multisample_blit_scaled GL_EXT_framebuffer_object GL_EXT_framebuffer_sRGB GL_EXT_memory_object GL_EXT_memory_object_fd GL_EXT_packed_depth_stencil GL_EXT_packed_float GL_EXT_pixel_buffer_object GL_EXT_polygon_offset_clamp GL_EXT_provoking_vertex GL_EXT_semaphore GL_EXT_semaphore_fd GL_EXT_shader_image_load_formatted GL_EXT_shader_image_load_store GL_EXT_shader_integer_mix GL_EXT_shader_samples_identical GL_EXT_texture_array GL_EXT_texture_compression_dxt1 GL_EXT_texture_compression_rgtc GL_EXT_texture_compression_s3tc GL_EXT_texture_filter_anis
otropic GL_EXT_texture_filter_minmax GL_EXT_texture_integer GL_EXT_texture_mirror_clamp GL_EXT_texture_sRGB GL_EXT_texture_sRGB_R8 GL_EXT_texture_sRGB_decode GL_EXT_texture_shadow_lod GL_EXT_texture_shared_exponent GL_EXT_texture_snorm GL_EXT_texture_storage GL_EXT_texture_swizzle GL_EXT_timer_query GL_EXT_transform_feedback GL_EXT_vertex_array_bgra GL_EXT_vertex_attrib_64bit GL_EXT_window_rectangles GL_IBM_multimode_draw_arrays GL_INTEL_blackhole_render GL_KHR_blend_equation_advanced GL_KHR_context_flush_control GL_KHR_debug GL_KHR_no_error GL_KHR_parallel_shader_compile GL_KHR_robust_buffer_access_behavior GL_KHR_robustness GL_KHR_texture_compression_astc_ldr GL_KHR_texture_compression_astc_sliced_3d GL_MESA_framebuffer_flip_y GL_MESA_pack_invert GL_MESA_shader_integer_functions GL_MESA_texture_const_bandwidth GL_MESA_texture_signed_rgba GL_NVX_gpu_memory_info GL_NV_alpha_to_coverage_dither_control GL_NV_compute_shader_derivatives GL_NV_conditional_render GL_NV_copy_image GL_NV_depth_clamp GL_NV_packed_dep
th_stencil GL_NV_shader_atomic_int64 GL_NV_texture_barrier GL_NV_vdpau_interop GL_OES_EGL_image GL_S3_s3tc
OPENGL LOG: Creating OpenGL 4.6 graphics device ; Context level  <OpenGL 4.5> ; Context handle 1148946736
Initialize mono
Mono path[0] = '/mnt/DATA_LINUX/Documents/Unity/6000.1.7f1/Editor/Data/Managed'
Mono path[1] = '/mnt/DATA_LINUX/Documents/Unity/6000.1.7f1/Editor/Data/MonoBleedingEdge/lib/mono/unityjit-linux'
Mono config path = '/mnt/DATA_LINUX/Documents/Unity/6000.1.7f1/Editor/Data/MonoBleedingEdge/etc'
Using monoOptions --debugger-agent=transport=dt_socket,embedding=1,server=y,suspend=n,address=127.0.0.1:56286
Begin MonoManager ReloadAssembly
Registering precompiled unity dll's ...
Register platform support module: /mnt/DATA_LINUX/Documents/Unity/6000.1.7f1/Editor/Data/PlaybackEngines/MacStandaloneSupport/UnityEditor.OSXStandalone.Extensions.dll
Register platform support module: /mnt/DATA_LINUX/Documents/Unity/6000.1.7f1/Editor/Data/PlaybackEngines/WindowsStandaloneSupport/UnityEditor.WindowsStandalone.Extensions.dll
Register platform support module: /mnt/DATA_LINUX/Documents/Unity/6000.1.7f1/Editor/Data/PlaybackEngines/LinuxStandaloneSupport/UnityEditor.LinuxStandalone.Extensions.dll
Registered in 0,002590 seconds.
- Loaded All Assemblies, in  0,392 seconds
Native extension for LinuxStandalone target not found
Native extension for WindowsStandalone target not found
Native extension for OSXStandalone target not found
Mono: successfully reloaded assembly
- Finished resetting the current domain, in  0,455 seconds
Domain Reload Profiling: 847ms
	BeginReloadAssembly (86ms)
		ExecutionOrderSort (0ms)
		DisableScriptedObjects (0ms)
		BackupInstance (0ms)
		ReleaseScriptingObjects (0ms)
		CreateAndSetChildDomain (1ms)
	RebuildCommonClasses (47ms)
	RebuildNativeTypeToScriptingClass (11ms)
	initialDomainReloadingComplete (63ms)
	LoadAllAssembliesAndSetupDomain (185ms)
		LoadAssemblies (85ms)
		RebuildTransferFunctionScriptingTraits (0ms)
		AnalyzeDomain (182ms)
			TypeCache.Refresh (181ms)
				TypeCache.ScanAssembly (165ms)
			BuildScriptInfoCaches (0ms)
			ResolveRequiredComponents (0ms)
	FinalizeReload (456ms)
		ReleaseScriptCaches (0ms)
		RebuildScriptCaches (0ms)
		SetupLoadedEditorAssemblies (406ms)
			LogAssemblyErrors (0ms)
			InitializePlatformSupportModulesInManaged (92ms)
			SetLoadedEditorAssemblies (5ms)
			BeforeProcessingInitializeOnLoad (81ms)
			ProcessInitializeOnLoadAttributes (155ms)
			ProcessInitializeOnLoadMethodAttributes (71ms)
			AfterProcessingInitializeOnLoad (0ms)
			EditorAssembliesLoaded (0ms)
		ExecutionOrderSort2 (0ms)
		AwakeInstancesAfterBackupRestoration (0ms)
========================================================================
Worker process is ready to serve import requests
Import Worker Mode flag is 0x00
Begin MonoManager ReloadAssembly
Symbol file LoadedFromMemory is not a mono symbol file
- Loaded All Assemblies, in  0,710 seconds
Refreshing native plugins compatible for Editor in 1,79 ms, found 0 plugins.
Native extension for LinuxStandalone target not found
Native extension for WindowsStandalone target not found
Native extension for OSXStandalone target not found
Mono: successfully reloaded assembly
- Finished resetting the current domain, in  0,794 seconds
Domain Reload Profiling: 1502ms
	BeginReloadAssembly (185ms)
		ExecutionOrderSort (0ms)
		DisableScriptedObjects (7ms)
		BackupInstance (0ms)
		ReleaseScriptingObjects (0ms)
		CreateAndSetChildDomain (50ms)
	RebuildCommonClasses (46ms)
	RebuildNativeTypeToScriptingClass (11ms)
	initialDomainReloadingComplete (48ms)
	LoadAllAssembliesAndSetupDomain (417ms)
		LoadAssemblies (324ms)
		RebuildTransferFunctionScriptingTraits (0ms)
		AnalyzeDomain (176ms)
			TypeCache.Refresh (132ms)
				TypeCache.ScanAssembly (111ms)
			BuildScriptInfoCaches (38ms)
			ResolveRequiredComponents (3ms)
	FinalizeReload (794ms)
		ReleaseScriptCaches (0ms)
		RebuildScriptCaches (0ms)
		SetupLoadedEditorAssemblies (662ms)
			LogAssemblyErrors (0ms)
			InitializePlatformSupportModulesInManaged (27ms)
			SetLoadedEditorAssemblies (6ms)
			BeforeProcessingInitializeOnLoad (126ms)
			ProcessInitializeOnLoadAttributes (291ms)
			ProcessInitializeOnLoadMethodAttributes (207ms)
			AfterProcessingInitializeOnLoad (4ms)
			EditorAssembliesLoaded (0ms)
		ExecutionOrderSort2 (0ms)
		AwakeInstancesAfterBackupRestoration (5ms)
AutoLocale: current locale expects 'C' but got 'fr_FR.UTF-8'Launched and connected shader compiler UnityShaderCompiler after 0.01 seconds
Refreshing native plugins compatible for Editor in 2.88 ms, found 0 plugins.
Preloading 0 native plugins for Editor in 0.00 ms.
Unloading 7 Unused Serialized files (Serialized files now loaded: 0)
Unloading 2886 unused Assets / (1.5 MB). Loaded Objects now: 3377.
Memory consumption went from 88.3 MB to 86.8 MB.
Total: 20.812264 ms (FindLiveObjects: 0.447835 ms CreateObjectMapping: 0.637392 ms MarkObjects: 17.200164 ms  DeleteObjects: 2.525311 ms)

========================================================================
Received Import Request.
  Time since last request: 8394.711967 seconds.
  path: Assets/Assets/GoldCoins/goldCoin_Normal.jpg
  artifactKey: Guid(4bb700ee67f12684e8af3954a6b24cc0) Importer(815301076,1909f56bfc062723c751e8b465ee728b)
Start importing Assets/Assets/GoldCoins/goldCoin_Normal.jpg using Guid(4bb700ee67f12684e8af3954a6b24cc0) Importer(815301076,1909f56bfc062723c751e8b465ee728b) (PreviewImporter) -> (artifact id: '4439eb402f877a95c79a13c6e32ce71f') in 0.150796624 seconds
Number of updated asset objects reloaded before import = 0Number of asset objects unloaded after import = 2

========================================================================
Received Import Request.
  Time since last request: 7.921100 seconds.
  path: Assets/Assets/Free_SpeedTrees/Broadleaf_Desktop_Atlas.tga
  artifactKey: Guid(31018c739fc121f40904965bce982a7e) Importer(815301076,1909f56bfc062723c751e8b465ee728b)
Start importing Assets/Assets/Free_SpeedTrees/Broadleaf_Desktop_Atlas.tga using Guid(31018c739fc121f40904965bce982a7e) Importer(815301076,1909f56bfc062723c751e8b465ee728b) (PreviewImporter) -> (artifact id: '35f47cd4a712d87294ee29fd354f2344') in 0.167806934 seconds
Number of updated asset objects reloaded before import = 0Number of asset objects unloaded after import = 2

========================================================================
Received Import Request.
  Time since last request: 0.000040 seconds.
  path: Assets/Assets/Free_SpeedTrees/Broadleaf_Desktop_Atlas_Billboards.tga
  artifactKey: Guid(400cf02f268b02e4497feb50a409aaf6) Importer(815301076,1909f56bfc062723c751e8b465ee728b)
Start importing Assets/Assets/Free_SpeedTrees/Broadleaf_Desktop_Atlas_Billboards.tga using Guid(400cf02f268b02e4497feb50a409aaf6) Importer(815301076,1909f56bfc062723c751e8b465ee728b) (PreviewImporter) -> (artifact id: 'bc109b76593dc8ee8a0b848322ecaf6d') in 0.03700363 seconds
Number of updated asset objects reloaded before import = 0Number of asset objects unloaded after import = 2

========================================================================
Received Import Request.
  Time since last request: 0.000136 seconds.
  path: Assets/Assets/Free_SpeedTrees/Broadleaf_Desktop_Atlas_Billboards_Normal.tga
  artifactKey: Guid(9eee8eb4a2dc9b544acbad65d658bae6) Importer(815301076,1909f56bfc062723c751e8b465ee728b)
Start importing Assets/Assets/Free_SpeedTrees/Broadleaf_Desktop_Atlas_Billboards_Normal.tga using Guid(9eee8eb4a2dc9b544acbad65d658bae6) Importer(815301076,1909f56bfc062723c751e8b465ee728b) (PreviewImporter) -> (artifact id: '29f82492da6293adf1922c1d07f88bee') in 0.034978735 seconds
Number of updated asset objects reloaded before import = 0Number of asset objects unloaded after import = 2

========================================================================
Received Import Request.
  Time since last request: 0.000042 seconds.
  path: Assets/Assets/Free_SpeedTrees/Broadleaf_Desktop_Atlas_Normal.tga
  artifactKey: Guid(95797b7ad77ef66488f0a638eb46b900) Importer(815301076,1909f56bfc062723c751e8b465ee728b)
Start importing Assets/Assets/Free_SpeedTrees/Broadleaf_Desktop_Atlas_Normal.tga using Guid(95797b7ad77ef66488f0a638eb46b900) Importer(815301076,1909f56bfc062723c751e8b465ee728b) (PreviewImporter) -> (artifact id: '399ba7a919b3da3448f46d240c97e185') in 0.117691115 seconds
Number of updated asset objects reloaded before import = 0Number of asset objects unloaded after import = 2

========================================================================
Received Import Request.
  Time since last request: 0.000032 seconds.
  path: Assets/Assets/Free_SpeedTrees/Broadleaf_Desktop_Atlas_Specular.tga
  artifactKey: Guid(331fab33425f2a443a5533996e30c2f3) Importer(815301076,1909f56bfc062723c751e8b465ee728b)
Start importing Assets/Assets/Free_SpeedTrees/Broadleaf_Desktop_Atlas_Specular.tga using Guid(331fab33425f2a443a5533996e30c2f3) Importer(815301076,1909f56bfc062723c751e8b465ee728b) (PreviewImporter) -> (artifact id: 'a46bc5c895acab4049ec426c390cdf0b') in 0.140705563 seconds
Number of updated asset objects reloaded before import = 0Number of asset objects unloaded after import = 2

========================================================================
Received Import Request.
  Time since last request: 0.000111 seconds.
  path: Assets/Assets/Free_SpeedTrees/Broadleaf_Mobile.spm
  artifactKey: Guid(1e84b98fc4c200c4aa16e1ec38895673) Importer(815301076,1909f56bfc062723c751e8b465ee728b)
Start importing Assets/Assets/Free_SpeedTrees/Broadleaf_Mobile.spm using Guid(1e84b98fc4c200c4aa16e1ec38895673) Importer(815301076,1909f56bfc062723c751e8b465ee728b) (PreviewImporter) -> (artifact id: '5ed14e03838cee7fa3cf424308fb26c9') in 2.192284279 seconds
Number of updated asset objects reloaded before import = 0Number of asset objects unloaded after import = 49

========================================================================
Received Import Request.
  Time since last request: 0.000053 seconds.
  path: Assets/Assets/Free_SpeedTrees/Broadleaf_Mobile_Atlas.tga
  artifactKey: Guid(aff229c1761713249bcd47b52eae7b9d) Importer(815301076,1909f56bfc062723c751e8b465ee728b)
Start importing Assets/Assets/Free_SpeedTrees/Broadleaf_Mobile_Atlas.tga using Guid(aff229c1761713249bcd47b52eae7b9d) Importer(815301076,1909f56bfc062723c751e8b465ee728b) (PreviewImporter) -> (artifact id: '080ab591a2d7af1f87f21428c42162f8') in 0.007762365 seconds
Number of updated asset objects reloaded before import = 0Number of asset objects unloaded after import = 2

========================================================================
Received Import Request.
  Time since last request: 0.000048 seconds.
  path: Assets/Assets/Free_SpeedTrees/Cap_01_Normal.tga
  artifactKey: Guid(28708d8807aed5e4fb6d176a1f42c0d9) Importer(815301076,1909f56bfc062723c751e8b465ee728b)
Start importing Assets/Assets/Free_SpeedTrees/Cap_01_Normal.tga using Guid(28708d8807aed5e4fb6d176a1f42c0d9) Importer(815301076,1909f56bfc062723c751e8b465ee728b) (PreviewImporter) -> (artifact id: '94e6b26f5e78dc7f8865eb0d46fa7d60') in 0.02759327 seconds
Number of updated asset objects reloaded before import = 0Number of asset objects unloaded after import = 2

========================================================================
Received Import Request.
  Time since last request: 0.000043 seconds.
  path: Assets/Assets/Free_SpeedTrees/Broadleaf_Mobile_Atlas_Billboards_Normal.tga
  artifactKey: Guid(d08ed16db3ffed749b2a182a220ec7e8) Importer(815301076,1909f56bfc062723c751e8b465ee728b)
Start importing Assets/Assets/Free_SpeedTrees/Broadleaf_Mobile_Atlas_Billboards_Normal.tga using Guid(d08ed16db3ffed749b2a182a220ec7e8) Importer(815301076,1909f56bfc062723c751e8b465ee728b) (PreviewImporter) -> (artifact id: 'd2697cf6607ade8f968b6840f1dc5df6') in 0.004392849 seconds
Number of updated asset objects reloaded before import = 0Number of asset objects unloaded after import = 2

========================================================================
Received Import Request.
  Time since last request: 0.000064 seconds.
  path: Assets/Assets/Free_SpeedTrees/Conifer_Desktop_Atlas_Normal.tga
  artifactKey: Guid(baaa7978ce9574a4184b4f8e4cfa1b11) Importer(815301076,1909f56bfc062723c751e8b465ee728b)
Start importing Assets/Assets/Free_SpeedTrees/Conifer_Desktop_Atlas_Normal.tga using Guid(baaa7978ce9574a4184b4f8e4cfa1b11) Importer(815301076,1909f56bfc062723c751e8b465ee728b) (PreviewImporter) -> (artifact id: 'c2d416290f3a2873a37522802ad126c3') in 0.037656255 seconds
Number of updated asset objects reloaded before import = 0Number of asset objects unloaded after import = 2

========================================================================
Received Import Request.
  Time since last request: 0.000051 seconds.
  path: Assets/Assets/Free_SpeedTrees/Conifer_Needles_Desktop_Normal.tga
  artifactKey: Guid(3aa94b05cef7fed4eaa649ae8e6eb783) Importer(815301076,1909f56bfc062723c751e8b465ee728b)
Start importing Assets/Assets/Free_SpeedTrees/Conifer_Needles_Desktop_Normal.tga using Guid(3aa94b05cef7fed4eaa649ae8e6eb783) Importer(815301076,1909f56bfc062723c751e8b465ee728b) (PreviewImporter) -> (artifact id: '0fe2d3ba2d63d6177cc3b9db921e45e2') in 0.020675145 seconds
Number of updated asset objects reloaded before import = 0Number of asset objects unloaded after import = 2

========================================================================
Received Import Request.
  Time since last request: 0.000034 seconds.
  path: Assets/Assets/Free_SpeedTrees/Palm_Desktop_Atlas_Billboards_Normal.tga
  artifactKey: Guid(b98975c2c06423345b8a31d592d0dd30) Importer(815301076,1909f56bfc062723c751e8b465ee728b)
Start importing Assets/Assets/Free_SpeedTrees/Palm_Desktop_Atlas_Billboards_Normal.tga using Guid(b98975c2c06423345b8a31d592d0dd30) Importer(815301076,1909f56bfc062723c751e8b465ee728b) (PreviewImporter) -> (artifact id: '1520f2006dbb28f2ee3b8f74c967187a') in 0.033941099 seconds
Number of updated asset objects reloaded before import = 0Number of asset objects unloaded after import = 2

========================================================================
Received Import Request.
  Time since last request: 0.000709 seconds.
  path: Assets/Assets/Free_SpeedTrees/PalmFrond_Normal.tga
  artifactKey: Guid(37d401ed5593db646a078ec27db9eb5e) Importer(815301076,1909f56bfc062723c751e8b465ee728b)
Start importing Assets/Assets/Free_SpeedTrees/PalmFrond_Normal.tga using Guid(37d401ed5593db646a078ec27db9eb5e) Importer(815301076,1909f56bfc062723c751e8b465ee728b) (PreviewImporter) -> (artifact id: '54f224b4826fbf0d67758e377aeaf81e') in 0.019434782 seconds
Number of updated asset objects reloaded before import = 0Number of asset objects unloaded after import = 2

========================================================================
Received Import Request.
  Time since last request: 0.000285 seconds.
  path: Assets/Assets/Free_SpeedTrees/Palm_Desktop.spm
  artifactKey: Guid(5c2ecb53217ee6d47845944d5e81b5a6) Importer(815301076,1909f56bfc062723c751e8b465ee728b)
Start importing Assets/Assets/Free_SpeedTrees/Palm_Desktop.spm using Guid(5c2ecb53217ee6d47845944d5e81b5a6) Importer(815301076,1909f56bfc062723c751e8b465ee728b) (PreviewImporter) -> (artifact id: '516ae1f5c526e47c343a0fd187254491') in 1.181930859 seconds
Number of updated asset objects reloaded before import = 0Number of asset objects unloaded after import = 59

========================================================================
Received Import Request.
  Time since last request: 0.000034 seconds.
  path: Assets/Assets/Free_SpeedTrees/Conifer_Desktop.spm
  artifactKey: Guid(70417e08343ef354db9a6c398faf67bc) Importer(815301076,1909f56bfc062723c751e8b465ee728b)
Start importing Assets/Assets/Free_SpeedTrees/Conifer_Desktop.spm using Guid(70417e08343ef354db9a6c398faf67bc) Importer(815301076,1909f56bfc062723c751e8b465ee728b) (PreviewImporter) -> (artifact id: '3c002a56866655519e9b5c13cd671ce2') in 0.613655126 seconds
Number of updated asset objects reloaded before import = 0Number of asset objects unloaded after import = 54

========================================================================
Received Import Request.
  Time since last request: 38.789940 seconds.
  path: Assets/Assets/Helmets/helmets.FBX
  artifactKey: Guid(181bd2b13872db74889b22424d942c55) Importer(815301076,1909f56bfc062723c751e8b465ee728b)
Start importing Assets/Assets/Helmets/helmets.FBX using Guid(181bd2b13872db74889b22424d942c55) Importer(815301076,1909f56bfc062723c751e8b465ee728b) (PreviewImporter) -> (artifact id: 'e0b5d7347ce44c12664da462fa650b8f') in 0.468583234 seconds
Number of updated asset objects reloaded before import = 0Number of asset objects unloaded after import = 28

========================================================================
Received Import Request.
  Time since last request: 3.090777 seconds.
  path: Assets/Assets/Grass 1/Grass 1.prefab
  artifactKey: Guid(64515de72868a7841b423d6d8071f344) Importer(815301076,1909f56bfc062723c751e8b465ee728b)
Start importing Assets/Assets/Grass 1/Grass 1.prefab using Guid(64515de72868a7841b423d6d8071f344) Importer(815301076,1909f56bfc062723c751e8b465ee728b) (PreviewImporter) -> (artifact id: 'a5b80b69f16482cc8f56f95ccfe95024') in 0.732655088 seconds
Number of updated asset objects reloaded before import = 0Number of asset objects unloaded after import = 18

========================================================================
Received Import Request.
  Time since last request: 16.729078 seconds.
  path: Assets/Assets/SpartanKing/Cgold.psd
  artifactKey: Guid(cc750c373bb9c724c85df387b74bd39c) Importer(815301076,1909f56bfc062723c751e8b465ee728b)
Start importing Assets/Assets/SpartanKing/Cgold.psd using Guid(cc750c373bb9c724c85df387b74bd39c) Importer(815301076,1909f56bfc062723c751e8b465ee728b) (PreviewImporter) -> (artifact id: 'f7c457f8d51e2f35d30b8e1cd1ea9216') in 0.012063709 seconds
Number of updated asset objects reloaded before import = 0Number of asset objects unloaded after import = 2

========================================================================
Received Import Request.
  Time since last request: 0.003748 seconds.
  path: Assets/Assets/SpartanKing/Cskin.psd
  artifactKey: Guid(f41297ff8e8927d43ba1d7182f354d5d) Importer(815301076,1909f56bfc062723c751e8b465ee728b)
Start importing Assets/Assets/SpartanKing/Cskin.psd using Guid(f41297ff8e8927d43ba1d7182f354d5d) Importer(815301076,1909f56bfc062723c751e8b465ee728b) (PreviewImporter) -> (artifact id: 'b9e8b90901e16dfa8a12b79c66272b98') in 0.007477686 seconds
Number of updated asset objects reloaded before import = 0Number of asset objects unloaded after import = 2

========================================================================
Received Import Request.
  Time since last request: 0.021808 seconds.
  path: Assets/Assets/SpartanKing/SpartanKing.FBX
  artifactKey: Guid(608191cf3aeaa85419bb4558fccb064b) Importer(815301076,1909f56bfc062723c751e8b465ee728b)
Start importing Assets/Assets/SpartanKing/SpartanKing.FBX using Guid(608191cf3aeaa85419bb4558fccb064b) Importer(815301076,1909f56bfc062723c751e8b465ee728b) (PreviewImporter) -> (artifact id: '370e24029231adf69303b8297d3e86b5') in 1.499310661 seconds
Number of updated asset objects reloaded before import = 0Number of asset objects unloaded after import = 120

========================================================================
Received Import Request.
  Time since last request: 656.528306 seconds.
  path: Assets/Animation/Materials/Material.001.mat
  artifactKey: Guid(725bb8b1565b39d44bd77a283218ee89) Importer(815301076,1909f56bfc062723c751e8b465ee728b)
Start importing Assets/Animation/Materials/Material.001.mat using Guid(725bb8b1565b39d44bd77a283218ee89) Importer(815301076,1909f56bfc062723c751e8b465ee728b) (PreviewImporter) -> (artifact id: '6b9c9134d2c482c7675ef5a4cf155bfa') in 0.008869389 seconds
Number of updated asset objects reloaded before import = 0Number of asset objects unloaded after import = 1

========================================================================
Received Import Request.
  Time since last request: 0.015330 seconds.
  path: Assets/Animation/Materials/Material_002.mat
  artifactKey: Guid(fc168b4968ce74fac973fe3c8a7182a2) Importer(815301076,1909f56bfc062723c751e8b465ee728b)
Start importing Assets/Animation/Materials/Material_002.mat using Guid(fc168b4968ce74fac973fe3c8a7182a2) Importer(815301076,1909f56bfc062723c751e8b465ee728b) (PreviewImporter) -> (artifact id: '6b7eebac6a332be63e115e30a6887db3') in 0.238383723 seconds
Number of updated asset objects reloaded before import = 0Number of asset objects unloaded after import = 1

